******************************************************************************
                  MSP430 Linker PC v21.6.1                     
******************************************************************************
>> Linked Fri Nov 21 17:35:49 2025

OUTPUT FILE NAME:   <PICO-FLA7-PAD3005-TI-EVM-Modify-Devasys.out>
ENTRY POINT SYMBOL: "_c_int00_noargs"  address: 00004510


MEMORY CONFIGURATION

         name            origin    length      used     unused   attr    fill
----------------------  --------  ---------  --------  --------  ----  --------
  SFR                   00000000   00000010  00000000  00000010  RWIX
  PERIPHERALS_8BIT      00000010   000000f0  00000000  000000f0  RWIX
  PERIPHERALS_16BIT     00000100   00000100  00000000  00000100  RWIX
  INFOD                 00001800   00000080  00000000  00000080  RWIX
  INFOC                 00001880   00000080  00000000  00000080  RWIX
  INFOB                 00001900   00000080  00000000  00000080  RWIX
  INFOA                 00001980   00000080  00000000  00000080  RWIX
  USBRAM                00001c00   00000800  00000000  00000800  RWIX
  RAM                   00002400   00001000  0000043a  00000bc6  RWIX
  FLASH                 00004400   0000bb80  000003b4  0000b7cc  RWIX
  INT00                 0000ff80   00000002  00000000  00000002  RWIX
  INT01                 0000ff82   00000002  00000000  00000002  RWIX
  INT02                 0000ff84   00000002  00000000  00000002  RWIX
  INT03                 0000ff86   00000002  00000000  00000002  RWIX
  INT04                 0000ff88   00000002  00000000  00000002  RWIX
  INT05                 0000ff8a   00000002  00000000  00000002  RWIX
  INT06                 0000ff8c   00000002  00000000  00000002  RWIX
  INT07                 0000ff8e   00000002  00000000  00000002  RWIX
  INT08                 0000ff90   00000002  00000000  00000002  RWIX
  INT09                 0000ff92   00000002  00000000  00000002  RWIX
  INT10                 0000ff94   00000002  00000000  00000002  RWIX
  INT11                 0000ff96   00000002  00000000  00000002  RWIX
  INT12                 0000ff98   00000002  00000000  00000002  RWIX
  INT13                 0000ff9a   00000002  00000000  00000002  RWIX
  INT14                 0000ff9c   00000002  00000000  00000002  RWIX
  INT15                 0000ff9e   00000002  00000000  00000002  RWIX
  INT16                 0000ffa0   00000002  00000000  00000002  RWIX
  INT17                 0000ffa2   00000002  00000000  00000002  RWIX
  INT18                 0000ffa4   00000002  00000000  00000002  RWIX
  INT19                 0000ffa6   00000002  00000000  00000002  RWIX
  INT20                 0000ffa8   00000002  00000000  00000002  RWIX
  INT21                 0000ffaa   00000002  00000000  00000002  RWIX
  INT22                 0000ffac   00000002  00000000  00000002  RWIX
  INT23                 0000ffae   00000002  00000000  00000002  RWIX
  INT24                 0000ffb0   00000002  00000000  00000002  RWIX
  INT25                 0000ffb2   00000002  00000000  00000002  RWIX
  INT26                 0000ffb4   00000002  00000000  00000002  RWIX
  INT27                 0000ffb6   00000002  00000000  00000002  RWIX
  INT28                 0000ffb8   00000002  00000000  00000002  RWIX
  INT29                 0000ffba   00000002  00000000  00000002  RWIX
  INT30                 0000ffbc   00000002  00000000  00000002  RWIX
  INT31                 0000ffbe   00000002  00000000  00000002  RWIX
  INT32                 0000ffc0   00000002  00000000  00000002  RWIX
  INT33                 0000ffc2   00000002  00000000  00000002  RWIX
  INT34                 0000ffc4   00000002  00000000  00000002  RWIX
  INT35                 0000ffc6   00000002  00000000  00000002  RWIX
  INT36                 0000ffc8   00000002  00000000  00000002  RWIX
  INT37                 0000ffca   00000002  00000000  00000002  RWIX
  INT38                 0000ffcc   00000002  00000000  00000002  RWIX
  INT39                 0000ffce   00000002  00000000  00000002  RWIX
  INT40                 0000ffd0   00000002  00000000  00000002  RWIX
  INT41                 0000ffd2   00000002  00000002  00000000  RWIX
  INT42                 0000ffd4   00000002  00000002  00000000  RWIX
  INT43                 0000ffd6   00000002  00000002  00000000  RWIX
  INT44                 0000ffd8   00000002  00000002  00000000  RWIX
  INT45                 0000ffda   00000002  00000002  00000000  RWIX
  INT46                 0000ffdc   00000002  00000002  00000000  RWIX
  INT47                 0000ffde   00000002  00000002  00000000  RWIX
  INT48                 0000ffe0   00000002  00000002  00000000  RWIX
  INT49                 0000ffe2   00000002  00000002  00000000  RWIX
  INT50                 0000ffe4   00000002  00000002  00000000  RWIX
  INT51                 0000ffe6   00000002  00000002  00000000  RWIX
  INT52                 0000ffe8   00000002  00000002  00000000  RWIX
  INT53                 0000ffea   00000002  00000002  00000000  RWIX
  INT54                 0000ffec   00000002  00000000  00000002  RWIX
  INT55                 0000ffee   00000002  00000002  00000000  RWIX
  INT56                 0000fff0   00000002  00000002  00000000  RWIX
  INT57                 0000fff2   00000002  00000002  00000000  RWIX
  INT58                 0000fff4   00000002  00000002  00000000  RWIX
  INT59                 0000fff6   00000002  00000002  00000000  RWIX
  INT60                 0000fff8   00000002  00000002  00000000  RWIX
  INT61                 0000fffa   00000002  00000002  00000000  RWIX
  INT62                 0000fffc   00000002  00000002  00000000  RWIX
  RESET                 0000fffe   00000002  00000002  00000000  RWIX
  FLASH2                00010000   00004400  00001fdc  00002424  RWIX


SECTION ALLOCATION MAP

 output                                  attributes/
section   page    origin      length       input sections
--------  ----  ----------  ----------   ----------------
.data      0    00002400    000002f4     UNINITIALIZED
                  00002400    00000184     DPP343x.obj (.data:dpp3439cmdlist)
                  00002584    00000100     DPP343x.obj (.data:cmdoffset)
                  00002684    00000015     Ite6801.obj (.data:bCSCMtx_YUV2RGB_ITU601_0_255)
                  00002699    00000001     --HOLE--
                  0000269a    00000015     Ite6801.obj (.data:bCSCMtx_YUV2RGB_ITU601_16_235)
                  000026af    00000001     --HOLE--
                  000026b0    00000015     Ite6801.obj (.data:bCSCMtx_YUV2RGB_ITU709_0_255)
                  000026c5    00000001     --HOLE--
                  000026c6    00000015     Ite6801.obj (.data:bCSCMtx_YUV2RGB_ITU709_16_235)
                  000026db    00000001     --HOLE--
                  000026dc    0000000e     Main.obj (.data)
                  000026ea    0000000a     Ite6801.obj (.data)

.bss       0    000026f4    000000a6     UNINITIALIZED
                  000026f4    00000040     (.common:RxBuffer)
                  00002734    00000040     (.common:TxBuffer)
                  00002774    0000000a     (.common:para)
                  0000277e    00000004     (.common:PRxData)
                  00002782    00000004     (.common:PTxData)
                  00002786    00000002     (.common:HDMIWaitNo)
                  00002788    00000002     (.common:Pico_HActive)
                  0000278a    00000002     (.common:Pico_VActive)
                  0000278c    00000002     (.common:i2c_baseline_timer)
                  0000278e    00000002     (.common:ucPortAMPOverWrite)
                  00002790    00000001     (.common:CBusIntEvent)
                  00002791    00000001     (.common:CBusWaitNo)
                  00002792    00000001     (.common:HDMIIntEvent)
                  00002793    00000001     (.common:RXByteCtr)
                  00002794    00000001     (.common:TXByteCtr)
                  00002795    00000001     (.common:m_RxHDCPState)
                  00002796    00000001     (.common:m_bUpHDMIMode)
                  00002797    00000001     (.common:m_ucCurrentHDMIPort)
                  00002798    00000001     (.common:m_ucEccCount_P0)
                  00002799    00000001     (.common:para_length)

.stack     0    00003360    000000a0     UNINITIALIZED
                  00003360    00000004     rts430x_lc_rd_eabi.lib : boot.c.obj (.stack)
                  00003364    0000009c     --HOLE--

.text:_isr 
*          0    00004400    00000136     
                  00004400    00000110     Main.obj (.text:_isr:USCI_B0_ISR)
                  00004510    0000001c     rts430x_lc_rd_eabi.lib : boot.c.obj (.text:_isr:_c_int00_noargs)
                  0000452c    00000008                            : isr_trap.asm.obj (.text:_isr:__TI_ISR_TRAP)
                  00004534    00000002     Main.obj (.text:_isr:TIMER0_A0_ISR)

.const     0    00004536    00000004     
                  00004536    00000004     Ite6801.obj (.const:.string:$P$T0$1)

.cinit     0    0000453a    0000027a     
                  0000453a    00000258     (.cinit..data.load) [load image, compression = lzss]
                  00004792    0000000c     (__TI_handler_table)
                  0000479e    00000006     (.cinit..bss.load) [load image, compression = zero_init]
                  000047a4    00000010     (__TI_cinit_table)

.init_array 
*          0    00004400    00000000     UNINITIALIZED

RTC        0    0000ffd2    00000002     
                  0000ffd2    00000002     rts430x_lc_rd_eabi.lib : int41.asm.obj (.int41)

PORT2      0    0000ffd4    00000002     
                  0000ffd4    00000002     rts430x_lc_rd_eabi.lib : int42.asm.obj (.int42)

TIMER2_A1 
*          0    0000ffd6    00000002     
                  0000ffd6    00000002     rts430x_lc_rd_eabi.lib : int43.asm.obj (.int43)

TIMER2_A0 
*          0    0000ffd8    00000002     
                  0000ffd8    00000002     rts430x_lc_rd_eabi.lib : int44.asm.obj (.int44)

USCI_B1    0    0000ffda    00000002     
                  0000ffda    00000002     rts430x_lc_rd_eabi.lib : int45.asm.obj (.int45)

USCI_A1    0    0000ffdc    00000002     
                  0000ffdc    00000002     rts430x_lc_rd_eabi.lib : int46.asm.obj (.int46)

PORT1      0    0000ffde    00000002     
                  0000ffde    00000002     rts430x_lc_rd_eabi.lib : int47.asm.obj (.int47)

TIMER1_A1 
*          0    0000ffe0    00000002     
                  0000ffe0    00000002     rts430x_lc_rd_eabi.lib : int48.asm.obj (.int48)

TIMER1_A0 
*          0    0000ffe2    00000002     
                  0000ffe2    00000002     rts430x_lc_rd_eabi.lib : int49.asm.obj (.int49)

DMA        0    0000ffe4    00000002     
                  0000ffe4    00000002     rts430x_lc_rd_eabi.lib : int50.asm.obj (.int50)

USB_UBM    0    0000ffe6    00000002     
                  0000ffe6    00000002     rts430x_lc_rd_eabi.lib : int51.asm.obj (.int51)

TIMER0_A1 
*          0    0000ffe8    00000002     
                  0000ffe8    00000002     rts430x_lc_rd_eabi.lib : int52.asm.obj (.int52)

TIMER0_A0 
*          0    0000ffea    00000002     
                  0000ffea    00000002     Main.obj (.int53)

USCI_B0    0    0000ffee    00000002     
                  0000ffee    00000002     Main.obj (.int55)

USCI_A0    0    0000fff0    00000002     
                  0000fff0    00000002     rts430x_lc_rd_eabi.lib : int56.asm.obj (.int56)

WDT        0    0000fff2    00000002     
                  0000fff2    00000002     rts430x_lc_rd_eabi.lib : int57.asm.obj (.int57)

TIMER0_B1 
*          0    0000fff4    00000002     
                  0000fff4    00000002     rts430x_lc_rd_eabi.lib : int58.asm.obj (.int58)

TIMER0_B0 
*          0    0000fff6    00000002     
                  0000fff6    00000002     rts430x_lc_rd_eabi.lib : int59.asm.obj (.int59)

COMP_B     0    0000fff8    00000002     
                  0000fff8    00000002     rts430x_lc_rd_eabi.lib : int60.asm.obj (.int60)

UNMI       0    0000fffa    00000002     
                  0000fffa    00000002     rts430x_lc_rd_eabi.lib : int61.asm.obj (.int61)

SYSNMI     0    0000fffc    00000002     
                  0000fffc    00000002     rts430x_lc_rd_eabi.lib : int62.asm.obj (.int62)

.reset     0    0000fffe    00000002     
                  0000fffe    00000002     rts430x_lc_rd_eabi.lib : boot.c.obj (.reset)

.text      0    00010000    00001fdc     
                  00010000    00000486     Ite6801.obj (.text:hdmi_table_init)
                  00010486    0000034c     Main.obj (.text:main)
                  000107d2    000002a0     DPP343x.obj (.text:dpp343x_source_input_select)
                  00010a72    00000268     Ite6801.obj (.text:IT6801HDMIInterruptHandler)
                  00010cda    0000013a     Ite6801.obj (.text:SetColorSpaceConvert)
                  00010e14    0000013a     i2c_master.obj (.text:i2c_master_polled_write)
                  00010f4e    00000120     i2c_master.obj (.text:i2c_master_polled_read)
                  0001106e    000000f0     Ite6801.obj (.text:IT6801VideoOutputEnable)
                  0001115e    000000d2     Ite6801.obj (.text:IT6801_VideoOutputModeSet)
                  00011230    000000b6     Ite6801.obj (.text:IT6801_SetVideoMute)
                  000112e6    000000b2     Ite6801.obj (.text:hdmirx_INT_P0_ECC)
                  00011398    0000009a     Main.obj (.text:Power_on_sequence)
                  00011432    00000098     Ite6801.obj (.text:SetNewInfoVideoOutput)
                  000114ca    00000084     Ite6801.obj (.text:IT6801VideoOutputConfigure)
                  0001154e    0000007a     Ite6801.obj (.text:it6801HPDCtrl)
                  000115c8    00000076     Ite6801.obj (.text:IT6801VideoHandler)
                  0001163e    00000076     rts430x_lc_rd_eabi.lib : copy_decompress_lzss.c.obj (.text:decompress:lzss:__TI_decompress_lzss)
                  000116b4    00000072     Ite6801.obj (.text:GetAVIInfoFrame)
                  00011726    0000006c     Ite6801.obj (.text:SetDVIVideoOutput)
                  00011792    0000006a     i2c_master.obj (.text:i2c_master_check_nak_timeout)
                  000117fc    00000064     Ite6801.obj (.text:CheckPlg5VPwr)
                  00011860    00000062     Ite6801.obj (.text:IT6801_AFE_Rst)
                  000118c2    00000060     Ite6801.obj (.text:IT6801SwitchVideoState)
                  00011922    0000005e     Main.obj (.text:PortInit)
                  00011980    0000005a     Ite6801.obj (.text:WaitingForSCDT)
                  000119da    00000058     rts430x_lc_rd_eabi.lib : div32u.asm.obj (.text)
                  00011a32    00000054                            : autoinit.c.obj (.text:__TI_auto_init_nobinit_nopinit_hold_wdt:__TI_auto_init_nobinit_nopinit_hold_wdt)
                  00011a86    00000052     Ite6801.obj (.text:IT6801_Identify_Chip)
                  00011ad8    00000050     Ite6801.obj (.text:Read_Ite6801_i2c)
                  00011b28    00000050     DPP343x.obj (.text:write_dpp343x_i2c)
                  00011b78    0000004e     Ite6801.obj (.text:CheckAVMute)
                  00011bc6    00000048     DPP343x.obj (.text:Read_dpp343x_i2c)
                  00011c0e    00000046     Ite6801.obj (.text:hdmirx_INT_HDMIMode_Chg)
                  00011c54    00000040     Ite6801.obj (.text:CheckSCDT)
                  00011c94    0000003e     Ite6801.obj (.text:hdmirx_INT_5V_Pwr_Chg)
                  00011cd2    0000003c     Ite6801.obj (.text:CLKCheck)
                  00011d0e    00000036     Ite6801.obj (.text:IsHDMIMode)
                  00011d44    00000036     Ite6801.obj (.text:Write_Ite6801_i2c)
                  00011d7a    00000032     Ite6801.obj (.text:Ite6801RegSet)
                  00011dac    0000002c     Main.obj (.text:Power_Off)
                  00011dd8    00000026     Main.obj (.text:TimerA2_Setup)
                  00011dfe    00000024     rts430x_lc_rd_eabi.lib : copy_zero_init.c.obj (.text:decompress:ZI:__TI_zero_init_nomemset:__TI_zero_init_nomemset)
                  00011e22    00000022     Ite6801.obj (.text:ITE6801_Init)
                  00011e44    0000001e     DPP343x.obj (.text:GetCmdInfo)
                  00011e62    0000001c     Main.obj (.text:SlaveI2CSetup)
                  00011e7e    0000001a     Ite6801.obj (.text:hdmirx_INT_SCDT_Chg)
                  00011e98    0000001a     i2c_master.obj (.text:i2c_master_cleanup)
                  00011eb2    0000001a     i2c_master.obj (.text:i2c_master_set_clockrate)
                  00011ecc    00000018     Ite6801.obj (.text:it6801PortSelect)
                  00011ee4    00000016     rts430x_lc_rd_eabi.lib : div16u.asm.obj (.text)
                  00011efa    00000014     Main.obj (.text:TimerA0_setup)
                  00011f0e    00000014     rts430x_lc_rd_eabi.lib : memcpy.c.obj (.text:memcpy)
                  00011f22    00000012     Main.obj (.text:TimerA2_FanOn)
                  00011f34    00000012     rts430x_lc_rd_eabi.lib : copy_decompress_none.c.obj (.text:decompress:none:__TI_decompress_none)
                  00011f46    00000012     i2c_master.obj (.text:i2c_master_init)
                  00011f58    00000010     Main.obj (.text:Extern_Source_Enable)
                  00011f68    0000000e     Ite6801.obj (.text:GetPicoResolution)
                  00011f76    0000000e     DPP343x.obj (.text:SetReadPADDataLen)
                  00011f84    0000000e     DPP343x.obj (.text:SetWritePADDataLen)
                  00011f92    0000000e     Main.obj (.text:TimerA2_FanOff)
                  00011fa0    0000000e     i2c_master.obj (.text:i2c_master_setup)
                  00011fae    0000000a     Ite6801.obj (.text:IT6801_Rst)
                  00011fb8    0000000a     Ite6801.obj (.text:ITE6801_polling_input)
                  00011fc2    00000008     i2c_master.obj (.text:i2c_master_config_timer)
                  00011fca    00000006     Ite6801.obj (.text:GetITE6801CurStatus)
                  00011fd0    00000006     rts430x_lc_rd_eabi.lib : exit.c.obj (.text:abort)
                  00011fd6    00000004                            : pre_init.c.obj (.text:_system_pre_init)
                  00011fda    00000002                            : startup.c.obj (.text:_system_post_cinit)

MODULE SUMMARY

       Module                       code   ro data   rw data
       ------                       ----   -------   -------
    .\
       Ite6801.obj                  4806   4         109    
       Main.obj                     1544   4         152    
       DPP343x.obj                  882    0         655    
       i2c_master.obj               800    0         2      
    +--+----------------------------+------+---------+---------+
       Total:                       8032   8         918    
                                                            
    C:\ti\ccs1220\ccs\tools\compiler\ti-cgt-msp430_21.6.1.LTS\lib\rts430x_lc_rd_eabi.lib
       copy_decompress_lzss.c.obj   118    0         0      
       div32u.asm.obj               88     0         0      
       autoinit.c.obj               84     0         0      
       copy_zero_init.c.obj         36     0         0      
       boot.c.obj                   28     2         0      
       div16u.asm.obj               22     0         0      
       memcpy.c.obj                 20     0         0      
       copy_decompress_none.c.obj   18     0         0      
       isr_trap.asm.obj             8      0         0      
       exit.c.obj                   6      0         0      
       pre_init.c.obj               4      0         0      
       int41.asm.obj                0      2         0      
       int42.asm.obj                0      2         0      
       int43.asm.obj                0      2         0      
       int44.asm.obj                0      2         0      
       int45.asm.obj                0      2         0      
       int46.asm.obj                0      2         0      
       int47.asm.obj                0      2         0      
       int48.asm.obj                0      2         0      
       int49.asm.obj                0      2         0      
       int50.asm.obj                0      2         0      
       int51.asm.obj                0      2         0      
       int52.asm.obj                0      2         0      
       int56.asm.obj                0      2         0      
       int57.asm.obj                0      2         0      
       int58.asm.obj                0      2         0      
       int59.asm.obj                0      2         0      
       int60.asm.obj                0      2         0      
       int61.asm.obj                0      2         0      
       int62.asm.obj                0      2         0      
       startup.c.obj                2      0         0      
    +--+----------------------------+------+---------+---------+
       Total:                       434    40        0      
                                                            
       Stack:                       0      0         160    
       Linker Generated:            0      634       0      
    +--+----------------------------+------+---------+---------+
       Grand Total:                 8466   682       1078   


LINKER GENERATED COPY TABLES

__TI_cinit_table @ 000047a4 records: 2, size/record: 8, table size: 16
	.data: load addr=0000453a, load size=00000258 bytes, run addr=00002400, run size=000002f4 bytes, compression=lzss
	.bss: load addr=0000479e, load size=00000006 bytes, run addr=000026f4, run size=000000a6 bytes, compression=zero_init


LINKER GENERATED HANDLER TABLE

__TI_handler_table @ 00004792 records: 3, size/record: 4, table size: 12
	index: 0, handler: __TI_zero_init
	index: 1, handler: __TI_decompress_lzss
	index: 2, handler: __TI_decompress_none


GLOBAL SYMBOLS: SORTED ALPHABETICALLY BY Name 

address   name                                   
-------   ----                                   
00011fd0  C$$EXIT                                
000008c0  CBCTL0                                 
000008c1  CBCTL0_H                               
000008c0  CBCTL0_L                               
000008c2  CBCTL1                                 
000008c3  CBCTL1_H                               
000008c2  CBCTL1_L                               
000008c4  CBCTL2                                 
000008c5  CBCTL2_H                               
000008c4  CBCTL2_L                               
000008c6  CBCTL3                                 
000008c7  CBCTL3_H                               
000008c6  CBCTL3_L                               
000008cc  CBINT                                  
000008cd  CBINT_H                                
000008cc  CBINT_L                                
000008ce  CBIV                                   
00002790  CBusIntEvent                           
00002791  CBusWaitNo                             
00000150  CRCDI                                  
00000152  CRCDIRB                                
00000153  CRCDIRB_H                              
00000152  CRCDIRB_L                              
00000151  CRCDI_H                                
00000150  CRCDI_L                                
00000154  CRCINIRES                              
00000155  CRCINIRES_H                            
00000154  CRCINIRES_L                            
00000156  CRCRESR                                
00000157  CRCRESR_H                              
00000156  CRCRESR_L                              
000026ea  Cur_VSTATE                             
000026e3  CypressGPIO7Status                     
00000510  DMA0CTL                                
00000516  DMA0DA                                 
00000518  DMA0DAH                                
00000516  DMA0DAL                                
00000512  DMA0SA                                 
00000514  DMA0SAH                                
00000512  DMA0SAL                                
0000051a  DMA0SZ                                 
00000520  DMA1CTL                                
00000526  DMA1DA                                 
00000528  DMA1DAH                                
00000526  DMA1DAL                                
00000522  DMA1SA                                 
00000524  DMA1SAH                                
00000522  DMA1SAL                                
0000052a  DMA1SZ                                 
00000530  DMA2CTL                                
00000536  DMA2DA                                 
00000538  DMA2DAH                                
00000536  DMA2DAL                                
00000532  DMA2SA                                 
00000534  DMA2SAH                                
00000532  DMA2SAL                                
0000053a  DMA2SZ                                 
00000500  DMACTL0                                
00000502  DMACTL1                                
00000504  DMACTL2                                
00000506  DMACTL3                                
00000508  DMACTL4                                
0000050e  DMAIV                                  
000026e7  EXTERNALSPI_OFF                        
00011f58  Extern_Source_Enable                   
00000140  FCTL1                                  
00000141  FCTL1_H                                
00000140  FCTL1_L                                
00000144  FCTL3                                  
00000145  FCTL3_H                                
00000144  FCTL3_L                                
00000146  FCTL4                                  
00000147  FCTL4_H                                
00000146  FCTL4_L                                
000026e8  FLASH_MODE_MASTER                      
000026e9  FLASH_MODE_SLAVE                       
000026e1  FSMStatus                              
00011e44  GetCmdInfo                             
00011fca  GetITE6801CurStatus                    
00011f68  GetPicoResolution                      
00002792  HDMIIntEvent                           
00002786  HDMIWaitNo                             
0001106e  IT6801VideoOutputEnable                
00011860  IT6801_AFE_Rst                         
00011a86  IT6801_Identify_Chip                   
00011e22  ITE6801_Init                           
00011fb8  ITE6801_polling_input                  
000004c4  MAC                                    
000004da  MAC32H                                 
000004db  MAC32H_H                               
000004da  MAC32H_L                               
000004d8  MAC32L                                 
000004d9  MAC32L_H                               
000004d8  MAC32L_L                               
000004c6  MACS                                   
000004de  MACS32H                                
000004df  MACS32H_H                              
000004de  MACS32H_L                              
000004dc  MACS32L                                
000004dd  MACS32L_H                              
000004dc  MACS32L_L                              
000004c7  MACS_H                                 
000004c6  MACS_L                                 
000004c5  MAC_H                                  
000004c4  MAC_L                                  
000004c0  MPY                                    
000004ec  MPY32CTL0                              
000004ed  MPY32CTL0_H                            
000004ec  MPY32CTL0_L                            
000004d2  MPY32H                                 
000004d3  MPY32H_H                               
000004d2  MPY32H_L                               
000004d0  MPY32L                                 
000004d1  MPY32L_H                               
000004d0  MPY32L_L                               
000004c2  MPYS                                   
000004d6  MPYS32H                                
000004d7  MPYS32H_H                              
000004d6  MPYS32H_L                              
000004d4  MPYS32L                                
000004d5  MPYS32L_H                              
000004d4  MPYS32L_L                              
000004c3  MPYS_H                                 
000004c2  MPYS_L                                 
000004c1  MPY_H                                  
000004c0  MPY_L                                  
000004c8  OP2                                    
000004e2  OP2H                                   
000004e3  OP2H_H                                 
000004e2  OP2H_L                                 
000004e0  OP2L                                   
000004e1  OP2L_H                                 
000004e0  OP2L_L                                 
000004c9  OP2_H                                  
000004c8  OP2_L                                  
0000020e  P1IV                                   
0000021e  P2IV                                   
000001e0  P4MAP01                                
000001e1  P4MAP01_H                              
000001e0  P4MAP01_L                              
000001e2  P4MAP23                                
000001e3  P4MAP23_H                              
000001e2  P4MAP23_L                              
000001e4  P4MAP45                                
000001e5  P4MAP45_H                              
000001e4  P4MAP45_L                              
000001e6  P4MAP67                                
000001e7  P4MAP67_H                              
000001e6  P4MAP67_L                              
00000204  PADIR                                  
00000205  PADIR_H                                
00000204  PADIR_L                                
00000208  PADS                                   
00000209  PADS_H                                 
00000208  PADS_L                                 
0000021a  PAIE                                   
00000218  PAIES                                  
00000219  PAIES_H                                
00000218  PAIES_L                                
0000021b  PAIE_H                                 
0000021a  PAIE_L                                 
0000021c  PAIFG                                  
0000021d  PAIFG_H                                
0000021c  PAIFG_L                                
00000200  PAIN                                   
00000201  PAIN_H                                 
00000200  PAIN_L                                 
00000202  PAOUT                                  
00000203  PAOUT_H                                
00000202  PAOUT_L                                
00000206  PAREN                                  
00000207  PAREN_H                                
00000206  PAREN_L                                
0000020a  PASEL                                  
0000020b  PASEL_H                                
0000020a  PASEL_L                                
00000224  PBDIR                                  
00000225  PBDIR_H                                
00000224  PBDIR_L                                
00000228  PBDS                                   
00000229  PBDS_H                                 
00000228  PBDS_L                                 
00000220  PBIN                                   
00000221  PBIN_H                                 
00000220  PBIN_L                                 
00000222  PBOUT                                  
00000223  PBOUT_H                                
00000222  PBOUT_L                                
00000226  PBREN                                  
00000227  PBREN_H                                
00000226  PBREN_L                                
0000022a  PBSEL                                  
0000022b  PBSEL_H                                
0000022a  PBSEL_L                                
000026e2  PBStatus                               
00000244  PCDIR                                  
00000245  PCDIR_H                                
00000244  PCDIR_L                                
00000248  PCDS                                   
00000249  PCDS_H                                 
00000248  PCDS_L                                 
00000240  PCIN                                   
00000241  PCIN_H                                 
00000240  PCIN_L                                 
00000242  PCOUT                                  
00000243  PCOUT_H                                
00000242  PCOUT_L                                
00000246  PCREN                                  
00000247  PCREN_H                                
00000246  PCREN_L                                
0000024a  PCSEL                                  
0000024b  PCSEL_H                                
0000024a  PCSEL_L                                
00000324  PJDIR                                  
00000325  PJDIR_H                                
00000324  PJDIR_L                                
00000328  PJDS                                   
00000329  PJDS_H                                 
00000328  PJDS_L                                 
00000320  PJIN                                   
00000321  PJIN_H                                 
00000320  PJIN_L                                 
00000322  PJOUT                                  
00000323  PJOUT_H                                
00000322  PJOUT_L                                
00000326  PJREN                                  
00000327  PJREN_H                                
00000326  PJREN_L                                
00000130  PM5CTL0                                
00000131  PM5CTL0_H                              
00000130  PM5CTL0_L                              
000001c2  PMAPCTL                                
000001c3  PMAPCTL_H                              
000001c2  PMAPCTL_L                              
000001c0  PMAPKEYID                              
000001c1  PMAPKEYID_H                            
000001c0  PMAPKEYID_L                            
00000120  PMMCTL0                                
00000121  PMMCTL0_H                              
00000120  PMMCTL0_L                              
00000122  PMMCTL1                                
00000123  PMMCTL1_H                              
00000122  PMMCTL1_L                              
0000012c  PMMIFG                                 
0000012d  PMMIFG_H                               
0000012c  PMMIFG_L                               
0000012e  PMMRIE                                 
0000012f  PMMRIE_H                               
0000012e  PMMRIE_L                               
0000277e  PRxData                                
00002782  PTxData                                
00002788  Pico_HActive                           
0000278a  Pico_VActive                           
00011922  PortInit                               
00011dac  Power_Off                              
00011398  Power_on_sequence                      
00000158  RCCTL0                                 
00000159  RCCTL0_H                               
00000158  RCCTL0_L                               
000001b0  REFCTL0                                
000001b1  REFCTL0_H                              
000001b0  REFCTL0_L                              
000004e4  RES0                                   
000004e5  RES0_H                                 
000004e4  RES0_L                                 
000004e6  RES1                                   
000004e7  RES1_H                                 
000004e6  RES1_L                                 
000004e8  RES2                                   
000004e9  RES2_H                                 
000004e8  RES2_L                                 
000004ea  RES3                                   
000004eb  RES3_H                                 
000004ea  RES3_L                                 
000004cc  RESHI                                  
000004cd  RESHI_H                                
000004cc  RESHI_L                                
000004ca  RESLO                                  
000004cb  RESLO_H                                
000004ca  RESLO_L                                
000026ed  RGBQuantizationRange                   
000004ba  RTCADOWDAY                             
000004bb  RTCADOWDAY_H                           
000004ba  RTCADOWDAY_L                           
000004b8  RTCAMINHR                              
000004b9  RTCAMINHR_H                            
000004b8  RTCAMINHR_L                            
000004a0  RTCCTL01                               
000004a1  RTCCTL01_H                             
000004a0  RTCCTL01_L                             
000004a2  RTCCTL23                               
000004a3  RTCCTL23_H                             
000004a2  RTCCTL23_L                             
000004b4  RTCDATE                                
000004b5  RTCDATE_H                              
000004b4  RTCDATE_L                              
000004ae  RTCIV                                  
000004ac  RTCPS                                  
000004a8  RTCPS0CTL                              
000004a9  RTCPS0CTL_H                            
000004a8  RTCPS0CTL_L                            
000004aa  RTCPS1CTL                              
000004ab  RTCPS1CTL_H                            
000004aa  RTCPS1CTL_L                            
000004ad  RTCPS_H                                
000004ac  RTCPS_L                                
000004b0  RTCTIM0                                
000004b1  RTCTIM0_H                              
000004b0  RTCTIM0_L                              
000004b2  RTCTIM1                                
000004b3  RTCTIM1_H                              
000004b2  RTCTIM1_L                              
000004b6  RTCYEAR                                
000004b7  RTCYEAR_H                              
000004b6  RTCYEAR_L                              
00002793  RXByteCtr                              
00011ad8  Read_Ite6801_i2c                       
00011bc6  Read_dpp343x_i2c                       
000026f4  RxBuffer                               
00000100  SFRIE1                                 
00000101  SFRIE1_H                               
00000100  SFRIE1_L                               
00000102  SFRIFG1                                
00000103  SFRIFG1_H                              
00000102  SFRIFG1_L                              
00000104  SFRRPCR                                
00000105  SFRRPCR_H                              
00000104  SFRRPCR_L                              
000004ce  SUMEXT                                 
000004cf  SUMEXT_H                               
000004ce  SUMEXT_L                               
00000124  SVSMHCTL                               
00000125  SVSMHCTL_H                             
00000124  SVSMHCTL_L                             
00000128  SVSMIO                                 
00000129  SVSMIO_H                               
00000128  SVSMIO_L                               
00000126  SVSMLCTL                               
00000127  SVSMLCTL_H                             
00000126  SVSMLCTL_L                             
00000198  SYSBERRIV                              
00000199  SYSBERRIV_H                            
00000198  SYSBERRIV_L                            
00000182  SYSBSLC                                
00000183  SYSBSLC_H                              
00000182  SYSBSLC_L                              
00000180  SYSCTL                                 
00000181  SYSCTL_H                               
00000180  SYSCTL_L                               
00000186  SYSJMBC                                
00000187  SYSJMBC_H                              
00000186  SYSJMBC_L                              
00000188  SYSJMBI0                               
00000189  SYSJMBI0_H                             
00000188  SYSJMBI0_L                             
0000018a  SYSJMBI1                               
0000018b  SYSJMBI1_H                             
0000018a  SYSJMBI1_L                             
0000018c  SYSJMBO0                               
0000018d  SYSJMBO0_H                             
0000018c  SYSJMBO0_L                             
0000018e  SYSJMBO1                               
0000018f  SYSJMBO1_H                             
0000018e  SYSJMBO1_L                             
0000019e  SYSRSTIV                               
0000019f  SYSRSTIV_H                             
0000019e  SYSRSTIV_L                             
0000019c  SYSSNIV                                
0000019d  SYSSNIV_H                              
0000019c  SYSSNIV_L                              
0000019a  SYSUNIV                                
0000019b  SYSUNIV_H                              
0000019a  SYSUNIV_L                              
00011f76  SetReadPADDataLen                      
00011f84  SetWritePADDataLen                     
00011e62  SlaveI2CSetup                          
000026e6  Source_sel                             
000026e4  SplashDisplay                          
00000352  TA0CCR0                                
00000354  TA0CCR1                                
00000356  TA0CCR2                                
00000358  TA0CCR3                                
0000035a  TA0CCR4                                
00000342  TA0CCTL0                               
00000344  TA0CCTL1                               
00000346  TA0CCTL2                               
00000348  TA0CCTL3                               
0000034a  TA0CCTL4                               
00000340  TA0CTL                                 
00000360  TA0EX0                                 
0000036e  TA0IV                                  
00000350  TA0R                                   
00000392  TA1CCR0                                
00000394  TA1CCR1                                
00000396  TA1CCR2                                
00000382  TA1CCTL0                               
00000384  TA1CCTL1                               
00000386  TA1CCTL2                               
00000380  TA1CTL                                 
000003a0  TA1EX0                                 
000003ae  TA1IV                                  
00000390  TA1R                                   
00000412  TA2CCR0                                
00000414  TA2CCR1                                
00000416  TA2CCR2                                
00000402  TA2CCTL0                               
00000404  TA2CCTL1                               
00000406  TA2CCTL2                               
00000400  TA2CTL                                 
00000420  TA2EX0                                 
0000042e  TA2IV                                  
00000410  TA2R                                   
000003d2  TB0CCR0                                
000003d4  TB0CCR1                                
000003d6  TB0CCR2                                
000003d8  TB0CCR3                                
000003da  TB0CCR4                                
000003dc  TB0CCR5                                
000003de  TB0CCR6                                
000003c2  TB0CCTL0                               
000003c4  TB0CCTL1                               
000003c6  TB0CCTL2                               
000003c8  TB0CCTL3                               
000003ca  TB0CCTL4                               
000003cc  TB0CCTL5                               
000003ce  TB0CCTL6                               
000003c0  TB0CTL                                 
000003e0  TB0EX0                                 
000003ee  TB0IV                                  
000003d0  TB0R                                   
00004534  TIMER0_A0_ISR                          
000026e0  TURN_ON                                
00002794  TXByteCtr                              
00011efa  TimerA0_setup                          
00011f92  TimerA2_FanOff                         
00011f22  TimerA2_FanOn                          
00011dd8  TimerA2_Setup                          
00002734  TxBuffer                               
000005d0  UCA0ABCTL                              
000005c6  UCA0BRW                                
000005c7  UCA0BRW_H                              
000005c6  UCA0BRW_L                              
000005c0  UCA0CTLW0                              
000005c1  UCA0CTLW0_H                            
000005c0  UCA0CTLW0_L                            
000005dc  UCA0ICTL                               
000005dd  UCA0ICTL_H                             
000005dc  UCA0ICTL_L                             
000005d2  UCA0IRCTL                              
000005d3  UCA0IRCTL_H                            
000005d2  UCA0IRCTL_L                            
000005de  UCA0IV                                 
000005c8  UCA0MCTL                               
000005cc  UCA0RXBUF                              
000005ca  UCA0STAT                               
000005ce  UCA0TXBUF                              
00000610  UCA1ABCTL                              
00000606  UCA1BRW                                
00000607  UCA1BRW_H                              
00000606  UCA1BRW_L                              
00000600  UCA1CTLW0                              
00000601  UCA1CTLW0_H                            
00000600  UCA1CTLW0_L                            
0000061c  UCA1ICTL                               
0000061d  UCA1ICTL_H                             
0000061c  UCA1ICTL_L                             
00000612  UCA1IRCTL                              
00000613  UCA1IRCTL_H                            
00000612  UCA1IRCTL_L                            
0000061e  UCA1IV                                 
00000608  UCA1MCTL                               
0000060c  UCA1RXBUF                              
0000060a  UCA1STAT                               
0000060e  UCA1TXBUF                              
000005e6  UCB0BRW                                
000005e7  UCB0BRW_H                              
000005e6  UCB0BRW_L                              
000005e0  UCB0CTLW0                              
000005e1  UCB0CTLW0_H                            
000005e0  UCB0CTLW0_L                            
000005f0  UCB0I2COA                              
000005f1  UCB0I2COA_H                            
000005f0  UCB0I2COA_L                            
000005f2  UCB0I2CSA                              
000005f3  UCB0I2CSA_H                            
000005f2  UCB0I2CSA_L                            
000005fc  UCB0ICTL                               
000005fd  UCB0ICTL_H                             
000005fc  UCB0ICTL_L                             
000005fe  UCB0IV                                 
000005ec  UCB0RXBUF                              
000005ea  UCB0STAT                               
000005ee  UCB0TXBUF                              
00000626  UCB1BRW                                
00000627  UCB1BRW_H                              
00000626  UCB1BRW_L                              
00000620  UCB1CTLW0                              
00000621  UCB1CTLW0_H                            
00000620  UCB1CTLW0_L                            
00000630  UCB1I2COA                              
00000631  UCB1I2COA_H                            
00000630  UCB1I2COA_L                            
00000632  UCB1I2CSA                              
00000633  UCB1I2CSA_H                            
00000632  UCB1I2CSA_L                            
0000063c  UCB1ICTL                               
0000063d  UCB1ICTL_H                             
0000063c  UCB1ICTL_L                             
0000063e  UCB1IV                                 
0000062c  UCB1RXBUF                              
0000062a  UCB1STAT                               
0000062e  UCB1TXBUF                              
00000160  UCSCTL0                                
00000161  UCSCTL0_H                              
00000160  UCSCTL0_L                              
00000162  UCSCTL1                                
00000163  UCSCTL1_H                              
00000162  UCSCTL1_L                              
00000164  UCSCTL2                                
00000165  UCSCTL2_H                              
00000164  UCSCTL2_L                              
00000166  UCSCTL3                                
00000167  UCSCTL3_H                              
00000166  UCSCTL3_L                              
00000168  UCSCTL4                                
00000169  UCSCTL4_H                              
00000168  UCSCTL4_L                              
0000016a  UCSCTL5                                
0000016b  UCSCTL5_H                              
0000016a  UCSCTL5_L                              
0000016c  UCSCTL6                                
0000016d  UCSCTL6_H                              
0000016c  UCSCTL6_L                              
0000016e  UCSCTL7                                
0000016f  UCSCTL7_H                              
0000016e  UCSCTL7_L                              
00000170  UCSCTL8                                
00000171  UCSCTL8_H                              
00000170  UCSCTL8_L                              
00000902  USBCNF                                 
00000903  USBCNF_H                               
00000902  USBCNF_L                               
0000093c  USBCTL                                 
0000093a  USBFN                                  
0000093b  USBFN_H                                
0000093a  USBFN_L                                
0000093f  USBFUNADR                              
0000093d  USBIE                                  
00002378  USBIEP0BUF                             
000023c9  USBIEPBBAX_1                           
000023d1  USBIEPBBAX_2                           
000023d9  USBIEPBBAX_3                           
000023e1  USBIEPBBAX_4                           
000023e9  USBIEPBBAX_5                           
000023f1  USBIEPBBAX_6                           
000023f9  USBIEPBBAX_7                           
000023cd  USBIEPBBAY_1                           
000023d5  USBIEPBBAY_2                           
000023dd  USBIEPBBAY_3                           
000023e5  USBIEPBBAY_4                           
000023ed  USBIEPBBAY_5                           
000023f5  USBIEPBBAY_6                           
000023fd  USBIEPBBAY_7                           
000023ca  USBIEPBCTX_1                           
000023d2  USBIEPBCTX_2                           
000023da  USBIEPBCTX_3                           
000023e2  USBIEPBCTX_4                           
000023ea  USBIEPBCTX_5                           
000023f2  USBIEPBCTX_6                           
000023fa  USBIEPBCTX_7                           
000023ce  USBIEPBCTY_1                           
000023d6  USBIEPBCTY_2                           
000023de  USBIEPBCTY_3                           
000023e6  USBIEPBCTY_4                           
000023ee  USBIEPBCTY_5                           
000023f6  USBIEPBCTY_6                           
000023fe  USBIEPBCTY_7                           
00000920  USBIEPCNF_0                            
000023c8  USBIEPCNF_1                            
000023d0  USBIEPCNF_2                            
000023d8  USBIEPCNF_3                            
000023e0  USBIEPCNF_4                            
000023e8  USBIEPCNF_5                            
000023f0  USBIEPCNF_6                            
000023f8  USBIEPCNF_7                            
00000921  USBIEPCNT_0                            
0000092e  USBIEPIE                               
00000930  USBIEPIFG                              
000023cf  USBIEPSIZXY_1                          
000023d7  USBIEPSIZXY_2                          
000023df  USBIEPSIZXY_3                          
000023e7  USBIEPSIZXY_4                          
000023ef  USBIEPSIZXY_5                          
000023f7  USBIEPSIZXY_6                          
000023ff  USBIEPSIZXY_7                          
0000093e  USBIFG                                 
00000900  USBKEYID                               
00000901  USBKEYID_H                             
00000900  USBKEYID_L                             
00000936  USBMAINT                               
00000937  USBMAINT_H                             
00000936  USBMAINT_L                             
00002370  USBOEP0BUF                             
00002389  USBOEPBBAX_1                           
00002391  USBOEPBBAX_2                           
00002399  USBOEPBBAX_3                           
000023a1  USBOEPBBAX_4                           
000023a9  USBOEPBBAX_5                           
000023b1  USBOEPBBAX_6                           
000023b9  USBOEPBBAX_7                           
0000238d  USBOEPBBAY_1                           
00002395  USBOEPBBAY_2                           
0000239d  USBOEPBBAY_3                           
000023a5  USBOEPBBAY_4                           
000023ad  USBOEPBBAY_5                           
000023b5  USBOEPBBAY_6                           
000023bd  USBOEPBBAY_7                           
0000238a  USBOEPBCTX_1                           
00002392  USBOEPBCTX_2                           
0000239a  USBOEPBCTX_3                           
000023a2  USBOEPBCTX_4                           
000023aa  USBOEPBCTX_5                           
000023b2  USBOEPBCTX_6                           
000023ba  USBOEPBCTX_7                           
0000238e  USBOEPBCTY_1                           
00002396  USBOEPBCTY_2                           
0000239e  USBOEPBCTY_3                           
000023a6  USBOEPBCTY_4                           
000023ae  USBOEPBCTY_5                           
000023b6  USBOEPBCTY_6                           
000023be  USBOEPBCTY_7                           
00000922  USBOEPCNF_0                            
00002388  USBOEPCNF_1                            
00002390  USBOEPCNF_2                            
00002398  USBOEPCNF_3                            
000023a0  USBOEPCNF_4                            
000023a8  USBOEPCNF_5                            
000023b0  USBOEPCNF_6                            
000023b8  USBOEPCNF_7                            
00000923  USBOEPCNT_0                            
0000092f  USBOEPIE                               
00000931  USBOEPIFG                              
0000238f  USBOEPSIZXY_1                          
00002397  USBOEPSIZXY_2                          
0000239f  USBOEPSIZXY_3                          
000023a7  USBOEPSIZXY_4                          
000023af  USBOEPSIZXY_5                          
000023b7  USBOEPSIZXY_6                          
000023bf  USBOEPSIZXY_7                          
00000904  USBPHYCTL                              
00000905  USBPHYCTL_H                            
00000904  USBPHYCTL_L                            
00000910  USBPLLCTL                              
00000911  USBPLLCTL_H                            
00000910  USBPLLCTL_L                            
00000912  USBPLLDIVB                             
00000913  USBPLLDIVB_H                           
00000912  USBPLLDIVB_L                           
00000914  USBPLLIR                               
00000915  USBPLLIR_H                             
00000914  USBPLLIR_L                             
00000908  USBPWRCTL                              
00000909  USBPWRCTL_H                            
00000908  USBPWRCTL_L                            
00001c00  USBSTABUFF                             
00002380  USBSUBLK                               
0000236f  USBTOPBUFF                             
00000938  USBTSREG                               
00000939  USBTSREG_H                             
00000938  USBTSREG_L                             
00000932  USBVECINT                              
00000933  USBVECINT_H                            
00000932  USBVECINT_L                            
00004400  USCI_B0_ISR                            
000026ee  VIC                                    
0000015c  WDTCTL                                 
0000015d  WDTCTL_H                               
0000015c  WDTCTL_L                               
00011d44  Write_Ite6801_i2c                      
00003400  __STACK_END                            
000000a0  __STACK_SIZE                           
000047a4  __TI_CINIT_Base                        
000047b4  __TI_CINIT_Limit                       
000047b4  __TI_CINIT_Warm                        
00004792  __TI_Handler_Table_Base                
0000479e  __TI_Handler_Table_Limit               
0000452c  __TI_ISR_TRAP                          
00011a32  __TI_auto_init_nobinit_nopinit_hold_wdt
0001163e  __TI_decompress_lzss                   
00011f34  __TI_decompress_none                   
0000ffd2  __TI_int41                             
0000ffd4  __TI_int42                             
0000ffd6  __TI_int43                             
0000ffd8  __TI_int44                             
0000ffda  __TI_int45                             
0000ffdc  __TI_int46                             
0000ffde  __TI_int47                             
0000ffe0  __TI_int48                             
0000ffe2  __TI_int49                             
0000ffe4  __TI_int50                             
0000ffe6  __TI_int51                             
0000ffe8  __TI_int52                             
0000ffea  __TI_int53                             
0000ffee  __TI_int55                             
0000fff0  __TI_int56                             
0000fff2  __TI_int57                             
0000fff4  __TI_int58                             
0000fff6  __TI_int59                             
0000fff8  __TI_int60                             
0000fffa  __TI_int61                             
0000fffc  __TI_int62                             
ffffffff  __TI_pprof_out_hndl                    
ffffffff  __TI_prof_data_size                    
ffffffff  __TI_prof_data_start                   
00011dfe  __TI_zero_init_nomemset                
ffffffff  __c_args__                             
00011ee4  __mspabi_divu                          
000119da  __mspabi_divul                         
00011ee4  __mspabi_remu                          
000119da  __mspabi_remul                         
00004510  _c_int00_noargs                        
0000fffe  _reset_vector                          
00003360  _stack                                 
00011fda  _system_post_cinit                     
00011fd6  _system_pre_init                       
00011fd0  abort                                  
000026f3  bSynWaitEn                             
000026f2  bSynWaitcnt                            
000026dc  cmdinfo                                
00002584  cmdoffset                              
000107d2  dpp343x_source_input_select            
0000278c  i2c_baseline_timer                     
00011792  i2c_master_check_nak_timeout           
00011e98  i2c_master_cleanup                     
00011fc2  i2c_master_config_timer                
00011f46  i2c_master_init                        
00010f4e  i2c_master_polled_read                 
00010e14  i2c_master_polled_write                
00011eb2  i2c_master_set_clockrate               
00011fa0  i2c_master_setup                       
0001154e  it6801HPDCtrl                          
00011ecc  it6801PortSelect                       
000026ef  m_NewAVIInfoFrameF                     
00002795  m_RxHDCPState                          
000026f0  m_VidOutDataTrgger                     
000026f1  m_VidOutSyncMode                       
000026eb  m_bInputVideoMode                      
000026ec  m_bOutputVideoMode                     
00002796  m_bUpHDMIMode                          
00002797  m_ucCurrentHDMIPort                    
00002798  m_ucEccCount_P0                        
00010486  main                                   
00011f0e  memcpy                                 
00002774  para                                   
00002799  para_length                            
000026e5  pollexinputflag                        
0000278e  ucPortAMPOverWrite                     
00011b28  write_dpp343x_i2c                      


GLOBAL SYMBOLS: SORTED BY Symbol Address 

address   name                                   
-------   ----                                   
000000a0  __STACK_SIZE                           
00000100  SFRIE1                                 
00000100  SFRIE1_L                               
00000101  SFRIE1_H                               
00000102  SFRIFG1                                
00000102  SFRIFG1_L                              
00000103  SFRIFG1_H                              
00000104  SFRRPCR                                
00000104  SFRRPCR_L                              
00000105  SFRRPCR_H                              
00000120  PMMCTL0                                
00000120  PMMCTL0_L                              
00000121  PMMCTL0_H                              
00000122  PMMCTL1                                
00000122  PMMCTL1_L                              
00000123  PMMCTL1_H                              
00000124  SVSMHCTL                               
00000124  SVSMHCTL_L                             
00000125  SVSMHCTL_H                             
00000126  SVSMLCTL                               
00000126  SVSMLCTL_L                             
00000127  SVSMLCTL_H                             
00000128  SVSMIO                                 
00000128  SVSMIO_L                               
00000129  SVSMIO_H                               
0000012c  PMMIFG                                 
0000012c  PMMIFG_L                               
0000012d  PMMIFG_H                               
0000012e  PMMRIE                                 
0000012e  PMMRIE_L                               
0000012f  PMMRIE_H                               
00000130  PM5CTL0                                
00000130  PM5CTL0_L                              
00000131  PM5CTL0_H                              
00000140  FCTL1                                  
00000140  FCTL1_L                                
00000141  FCTL1_H                                
00000144  FCTL3                                  
00000144  FCTL3_L                                
00000145  FCTL3_H                                
00000146  FCTL4                                  
00000146  FCTL4_L                                
00000147  FCTL4_H                                
00000150  CRCDI                                  
00000150  CRCDI_L                                
00000151  CRCDI_H                                
00000152  CRCDIRB                                
00000152  CRCDIRB_L                              
00000153  CRCDIRB_H                              
00000154  CRCINIRES                              
00000154  CRCINIRES_L                            
00000155  CRCINIRES_H                            
00000156  CRCRESR                                
00000156  CRCRESR_L                              
00000157  CRCRESR_H                              
00000158  RCCTL0                                 
00000158  RCCTL0_L                               
00000159  RCCTL0_H                               
0000015c  WDTCTL                                 
0000015c  WDTCTL_L                               
0000015d  WDTCTL_H                               
00000160  UCSCTL0                                
00000160  UCSCTL0_L                              
00000161  UCSCTL0_H                              
00000162  UCSCTL1                                
00000162  UCSCTL1_L                              
00000163  UCSCTL1_H                              
00000164  UCSCTL2                                
00000164  UCSCTL2_L                              
00000165  UCSCTL2_H                              
00000166  UCSCTL3                                
00000166  UCSCTL3_L                              
00000167  UCSCTL3_H                              
00000168  UCSCTL4                                
00000168  UCSCTL4_L                              
00000169  UCSCTL4_H                              
0000016a  UCSCTL5                                
0000016a  UCSCTL5_L                              
0000016b  UCSCTL5_H                              
0000016c  UCSCTL6                                
0000016c  UCSCTL6_L                              
0000016d  UCSCTL6_H                              
0000016e  UCSCTL7                                
0000016e  UCSCTL7_L                              
0000016f  UCSCTL7_H                              
00000170  UCSCTL8                                
00000170  UCSCTL8_L                              
00000171  UCSCTL8_H                              
00000180  SYSCTL                                 
00000180  SYSCTL_L                               
00000181  SYSCTL_H                               
00000182  SYSBSLC                                
00000182  SYSBSLC_L                              
00000183  SYSBSLC_H                              
00000186  SYSJMBC                                
00000186  SYSJMBC_L                              
00000187  SYSJMBC_H                              
00000188  SYSJMBI0                               
00000188  SYSJMBI0_L                             
00000189  SYSJMBI0_H                             
0000018a  SYSJMBI1                               
0000018a  SYSJMBI1_L                             
0000018b  SYSJMBI1_H                             
0000018c  SYSJMBO0                               
0000018c  SYSJMBO0_L                             
0000018d  SYSJMBO0_H                             
0000018e  SYSJMBO1                               
0000018e  SYSJMBO1_L                             
0000018f  SYSJMBO1_H                             
00000198  SYSBERRIV                              
00000198  SYSBERRIV_L                            
00000199  SYSBERRIV_H                            
0000019a  SYSUNIV                                
0000019a  SYSUNIV_L                              
0000019b  SYSUNIV_H                              
0000019c  SYSSNIV                                
0000019c  SYSSNIV_L                              
0000019d  SYSSNIV_H                              
0000019e  SYSRSTIV                               
0000019e  SYSRSTIV_L                             
0000019f  SYSRSTIV_H                             
000001b0  REFCTL0                                
000001b0  REFCTL0_L                              
000001b1  REFCTL0_H                              
000001c0  PMAPKEYID                              
000001c0  PMAPKEYID_L                            
000001c1  PMAPKEYID_H                            
000001c2  PMAPCTL                                
000001c2  PMAPCTL_L                              
000001c3  PMAPCTL_H                              
000001e0  P4MAP01                                
000001e0  P4MAP01_L                              
000001e1  P4MAP01_H                              
000001e2  P4MAP23                                
000001e2  P4MAP23_L                              
000001e3  P4MAP23_H                              
000001e4  P4MAP45                                
000001e4  P4MAP45_L                              
000001e5  P4MAP45_H                              
000001e6  P4MAP67                                
000001e6  P4MAP67_L                              
000001e7  P4MAP67_H                              
00000200  PAIN                                   
00000200  PAIN_L                                 
00000201  PAIN_H                                 
00000202  PAOUT                                  
00000202  PAOUT_L                                
00000203  PAOUT_H                                
00000204  PADIR                                  
00000204  PADIR_L                                
00000205  PADIR_H                                
00000206  PAREN                                  
00000206  PAREN_L                                
00000207  PAREN_H                                
00000208  PADS                                   
00000208  PADS_L                                 
00000209  PADS_H                                 
0000020a  PASEL                                  
0000020a  PASEL_L                                
0000020b  PASEL_H                                
0000020e  P1IV                                   
00000218  PAIES                                  
00000218  PAIES_L                                
00000219  PAIES_H                                
0000021a  PAIE                                   
0000021a  PAIE_L                                 
0000021b  PAIE_H                                 
0000021c  PAIFG                                  
0000021c  PAIFG_L                                
0000021d  PAIFG_H                                
0000021e  P2IV                                   
00000220  PBIN                                   
00000220  PBIN_L                                 
00000221  PBIN_H                                 
00000222  PBOUT                                  
00000222  PBOUT_L                                
00000223  PBOUT_H                                
00000224  PBDIR                                  
00000224  PBDIR_L                                
00000225  PBDIR_H                                
00000226  PBREN                                  
00000226  PBREN_L                                
00000227  PBREN_H                                
00000228  PBDS                                   
00000228  PBDS_L                                 
00000229  PBDS_H                                 
0000022a  PBSEL                                  
0000022a  PBSEL_L                                
0000022b  PBSEL_H                                
00000240  PCIN                                   
00000240  PCIN_L                                 
00000241  PCIN_H                                 
00000242  PCOUT                                  
00000242  PCOUT_L                                
00000243  PCOUT_H                                
00000244  PCDIR                                  
00000244  PCDIR_L                                
00000245  PCDIR_H                                
00000246  PCREN                                  
00000246  PCREN_L                                
00000247  PCREN_H                                
00000248  PCDS                                   
00000248  PCDS_L                                 
00000249  PCDS_H                                 
0000024a  PCSEL                                  
0000024a  PCSEL_L                                
0000024b  PCSEL_H                                
00000320  PJIN                                   
00000320  PJIN_L                                 
00000321  PJIN_H                                 
00000322  PJOUT                                  
00000322  PJOUT_L                                
00000323  PJOUT_H                                
00000324  PJDIR                                  
00000324  PJDIR_L                                
00000325  PJDIR_H                                
00000326  PJREN                                  
00000326  PJREN_L                                
00000327  PJREN_H                                
00000328  PJDS                                   
00000328  PJDS_L                                 
00000329  PJDS_H                                 
00000340  TA0CTL                                 
00000342  TA0CCTL0                               
00000344  TA0CCTL1                               
00000346  TA0CCTL2                               
00000348  TA0CCTL3                               
0000034a  TA0CCTL4                               
00000350  TA0R                                   
00000352  TA0CCR0                                
00000354  TA0CCR1                                
00000356  TA0CCR2                                
00000358  TA0CCR3                                
0000035a  TA0CCR4                                
00000360  TA0EX0                                 
0000036e  TA0IV                                  
00000380  TA1CTL                                 
00000382  TA1CCTL0                               
00000384  TA1CCTL1                               
00000386  TA1CCTL2                               
00000390  TA1R                                   
00000392  TA1CCR0                                
00000394  TA1CCR1                                
00000396  TA1CCR2                                
000003a0  TA1EX0                                 
000003ae  TA1IV                                  
000003c0  TB0CTL                                 
000003c2  TB0CCTL0                               
000003c4  TB0CCTL1                               
000003c6  TB0CCTL2                               
000003c8  TB0CCTL3                               
000003ca  TB0CCTL4                               
000003cc  TB0CCTL5                               
000003ce  TB0CCTL6                               
000003d0  TB0R                                   
000003d2  TB0CCR0                                
000003d4  TB0CCR1                                
000003d6  TB0CCR2                                
000003d8  TB0CCR3                                
000003da  TB0CCR4                                
000003dc  TB0CCR5                                
000003de  TB0CCR6                                
000003e0  TB0EX0                                 
000003ee  TB0IV                                  
00000400  TA2CTL                                 
00000402  TA2CCTL0                               
00000404  TA2CCTL1                               
00000406  TA2CCTL2                               
00000410  TA2R                                   
00000412  TA2CCR0                                
00000414  TA2CCR1                                
00000416  TA2CCR2                                
00000420  TA2EX0                                 
0000042e  TA2IV                                  
000004a0  RTCCTL01                               
000004a0  RTCCTL01_L                             
000004a1  RTCCTL01_H                             
000004a2  RTCCTL23                               
000004a2  RTCCTL23_L                             
000004a3  RTCCTL23_H                             
000004a8  RTCPS0CTL                              
000004a8  RTCPS0CTL_L                            
000004a9  RTCPS0CTL_H                            
000004aa  RTCPS1CTL                              
000004aa  RTCPS1CTL_L                            
000004ab  RTCPS1CTL_H                            
000004ac  RTCPS                                  
000004ac  RTCPS_L                                
000004ad  RTCPS_H                                
000004ae  RTCIV                                  
000004b0  RTCTIM0                                
000004b0  RTCTIM0_L                              
000004b1  RTCTIM0_H                              
000004b2  RTCTIM1                                
000004b2  RTCTIM1_L                              
000004b3  RTCTIM1_H                              
000004b4  RTCDATE                                
000004b4  RTCDATE_L                              
000004b5  RTCDATE_H                              
000004b6  RTCYEAR                                
000004b6  RTCYEAR_L                              
000004b7  RTCYEAR_H                              
000004b8  RTCAMINHR                              
000004b8  RTCAMINHR_L                            
000004b9  RTCAMINHR_H                            
000004ba  RTCADOWDAY                             
000004ba  RTCADOWDAY_L                           
000004bb  RTCADOWDAY_H                           
000004c0  MPY                                    
000004c0  MPY_L                                  
000004c1  MPY_H                                  
000004c2  MPYS                                   
000004c2  MPYS_L                                 
000004c3  MPYS_H                                 
000004c4  MAC                                    
000004c4  MAC_L                                  
000004c5  MAC_H                                  
000004c6  MACS                                   
000004c6  MACS_L                                 
000004c7  MACS_H                                 
000004c8  OP2                                    
000004c8  OP2_L                                  
000004c9  OP2_H                                  
000004ca  RESLO                                  
000004ca  RESLO_L                                
000004cb  RESLO_H                                
000004cc  RESHI                                  
000004cc  RESHI_L                                
000004cd  RESHI_H                                
000004ce  SUMEXT                                 
000004ce  SUMEXT_L                               
000004cf  SUMEXT_H                               
000004d0  MPY32L                                 
000004d0  MPY32L_L                               
000004d1  MPY32L_H                               
000004d2  MPY32H                                 
000004d2  MPY32H_L                               
000004d3  MPY32H_H                               
000004d4  MPYS32L                                
000004d4  MPYS32L_L                              
000004d5  MPYS32L_H                              
000004d6  MPYS32H                                
000004d6  MPYS32H_L                              
000004d7  MPYS32H_H                              
000004d8  MAC32L                                 
000004d8  MAC32L_L                               
000004d9  MAC32L_H                               
000004da  MAC32H                                 
000004da  MAC32H_L                               
000004db  MAC32H_H                               
000004dc  MACS32L                                
000004dc  MACS32L_L                              
000004dd  MACS32L_H                              
000004de  MACS32H                                
000004de  MACS32H_L                              
000004df  MACS32H_H                              
000004e0  OP2L                                   
000004e0  OP2L_L                                 
000004e1  OP2L_H                                 
000004e2  OP2H                                   
000004e2  OP2H_L                                 
000004e3  OP2H_H                                 
000004e4  RES0                                   
000004e4  RES0_L                                 
000004e5  RES0_H                                 
000004e6  RES1                                   
000004e6  RES1_L                                 
000004e7  RES1_H                                 
000004e8  RES2                                   
000004e8  RES2_L                                 
000004e9  RES2_H                                 
000004ea  RES3                                   
000004ea  RES3_L                                 
000004eb  RES3_H                                 
000004ec  MPY32CTL0                              
000004ec  MPY32CTL0_L                            
000004ed  MPY32CTL0_H                            
00000500  DMACTL0                                
00000502  DMACTL1                                
00000504  DMACTL2                                
00000506  DMACTL3                                
00000508  DMACTL4                                
0000050e  DMAIV                                  
00000510  DMA0CTL                                
00000512  DMA0SA                                 
00000512  DMA0SAL                                
00000514  DMA0SAH                                
00000516  DMA0DA                                 
00000516  DMA0DAL                                
00000518  DMA0DAH                                
0000051a  DMA0SZ                                 
00000520  DMA1CTL                                
00000522  DMA1SA                                 
00000522  DMA1SAL                                
00000524  DMA1SAH                                
00000526  DMA1DA                                 
00000526  DMA1DAL                                
00000528  DMA1DAH                                
0000052a  DMA1SZ                                 
00000530  DMA2CTL                                
00000532  DMA2SA                                 
00000532  DMA2SAL                                
00000534  DMA2SAH                                
00000536  DMA2DA                                 
00000536  DMA2DAL                                
00000538  DMA2DAH                                
0000053a  DMA2SZ                                 
000005c0  UCA0CTLW0                              
000005c0  UCA0CTLW0_L                            
000005c1  UCA0CTLW0_H                            
000005c6  UCA0BRW                                
000005c6  UCA0BRW_L                              
000005c7  UCA0BRW_H                              
000005c8  UCA0MCTL                               
000005ca  UCA0STAT                               
000005cc  UCA0RXBUF                              
000005ce  UCA0TXBUF                              
000005d0  UCA0ABCTL                              
000005d2  UCA0IRCTL                              
000005d2  UCA0IRCTL_L                            
000005d3  UCA0IRCTL_H                            
000005dc  UCA0ICTL                               
000005dc  UCA0ICTL_L                             
000005dd  UCA0ICTL_H                             
000005de  UCA0IV                                 
000005e0  UCB0CTLW0                              
000005e0  UCB0CTLW0_L                            
000005e1  UCB0CTLW0_H                            
000005e6  UCB0BRW                                
000005e6  UCB0BRW_L                              
000005e7  UCB0BRW_H                              
000005ea  UCB0STAT                               
000005ec  UCB0RXBUF                              
000005ee  UCB0TXBUF                              
000005f0  UCB0I2COA                              
000005f0  UCB0I2COA_L                            
000005f1  UCB0I2COA_H                            
000005f2  UCB0I2CSA                              
000005f2  UCB0I2CSA_L                            
000005f3  UCB0I2CSA_H                            
000005fc  UCB0ICTL                               
000005fc  UCB0ICTL_L                             
000005fd  UCB0ICTL_H                             
000005fe  UCB0IV                                 
00000600  UCA1CTLW0                              
00000600  UCA1CTLW0_L                            
00000601  UCA1CTLW0_H                            
00000606  UCA1BRW                                
00000606  UCA1BRW_L                              
00000607  UCA1BRW_H                              
00000608  UCA1MCTL                               
0000060a  UCA1STAT                               
0000060c  UCA1RXBUF                              
0000060e  UCA1TXBUF                              
00000610  UCA1ABCTL                              
00000612  UCA1IRCTL                              
00000612  UCA1IRCTL_L                            
00000613  UCA1IRCTL_H                            
0000061c  UCA1ICTL                               
0000061c  UCA1ICTL_L                             
0000061d  UCA1ICTL_H                             
0000061e  UCA1IV                                 
00000620  UCB1CTLW0                              
00000620  UCB1CTLW0_L                            
00000621  UCB1CTLW0_H                            
00000626  UCB1BRW                                
00000626  UCB1BRW_L                              
00000627  UCB1BRW_H                              
0000062a  UCB1STAT                               
0000062c  UCB1RXBUF                              
0000062e  UCB1TXBUF                              
00000630  UCB1I2COA                              
00000630  UCB1I2COA_L                            
00000631  UCB1I2COA_H                            
00000632  UCB1I2CSA                              
00000632  UCB1I2CSA_L                            
00000633  UCB1I2CSA_H                            
0000063c  UCB1ICTL                               
0000063c  UCB1ICTL_L                             
0000063d  UCB1ICTL_H                             
0000063e  UCB1IV                                 
000008c0  CBCTL0                                 
000008c0  CBCTL0_L                               
000008c1  CBCTL0_H                               
000008c2  CBCTL1                                 
000008c2  CBCTL1_L                               
000008c3  CBCTL1_H                               
000008c4  CBCTL2                                 
000008c4  CBCTL2_L                               
000008c5  CBCTL2_H                               
000008c6  CBCTL3                                 
000008c6  CBCTL3_L                               
000008c7  CBCTL3_H                               
000008cc  CBINT                                  
000008cc  CBINT_L                                
000008cd  CBINT_H                                
000008ce  CBIV                                   
00000900  USBKEYID                               
00000900  USBKEYID_L                             
00000901  USBKEYID_H                             
00000902  USBCNF                                 
00000902  USBCNF_L                               
00000903  USBCNF_H                               
00000904  USBPHYCTL                              
00000904  USBPHYCTL_L                            
00000905  USBPHYCTL_H                            
00000908  USBPWRCTL                              
00000908  USBPWRCTL_L                            
00000909  USBPWRCTL_H                            
00000910  USBPLLCTL                              
00000910  USBPLLCTL_L                            
00000911  USBPLLCTL_H                            
00000912  USBPLLDIVB                             
00000912  USBPLLDIVB_L                           
00000913  USBPLLDIVB_H                           
00000914  USBPLLIR                               
00000914  USBPLLIR_L                             
00000915  USBPLLIR_H                             
00000920  USBIEPCNF_0                            
00000921  USBIEPCNT_0                            
00000922  USBOEPCNF_0                            
00000923  USBOEPCNT_0                            
0000092e  USBIEPIE                               
0000092f  USBOEPIE                               
00000930  USBIEPIFG                              
00000931  USBOEPIFG                              
00000932  USBVECINT                              
00000932  USBVECINT_L                            
00000933  USBVECINT_H                            
00000936  USBMAINT                               
00000936  USBMAINT_L                             
00000937  USBMAINT_H                             
00000938  USBTSREG                               
00000938  USBTSREG_L                             
00000939  USBTSREG_H                             
0000093a  USBFN                                  
0000093a  USBFN_L                                
0000093b  USBFN_H                                
0000093c  USBCTL                                 
0000093d  USBIE                                  
0000093e  USBIFG                                 
0000093f  USBFUNADR                              
00001c00  USBSTABUFF                             
0000236f  USBTOPBUFF                             
00002370  USBOEP0BUF                             
00002378  USBIEP0BUF                             
00002380  USBSUBLK                               
00002388  USBOEPCNF_1                            
00002389  USBOEPBBAX_1                           
0000238a  USBOEPBCTX_1                           
0000238d  USBOEPBBAY_1                           
0000238e  USBOEPBCTY_1                           
0000238f  USBOEPSIZXY_1                          
00002390  USBOEPCNF_2                            
00002391  USBOEPBBAX_2                           
00002392  USBOEPBCTX_2                           
00002395  USBOEPBBAY_2                           
00002396  USBOEPBCTY_2                           
00002397  USBOEPSIZXY_2                          
00002398  USBOEPCNF_3                            
00002399  USBOEPBBAX_3                           
0000239a  USBOEPBCTX_3                           
0000239d  USBOEPBBAY_3                           
0000239e  USBOEPBCTY_3                           
0000239f  USBOEPSIZXY_3                          
000023a0  USBOEPCNF_4                            
000023a1  USBOEPBBAX_4                           
000023a2  USBOEPBCTX_4                           
000023a5  USBOEPBBAY_4                           
000023a6  USBOEPBCTY_4                           
000023a7  USBOEPSIZXY_4                          
000023a8  USBOEPCNF_5                            
000023a9  USBOEPBBAX_5                           
000023aa  USBOEPBCTX_5                           
000023ad  USBOEPBBAY_5                           
000023ae  USBOEPBCTY_5                           
000023af  USBOEPSIZXY_5                          
000023b0  USBOEPCNF_6                            
000023b1  USBOEPBBAX_6                           
000023b2  USBOEPBCTX_6                           
000023b5  USBOEPBBAY_6                           
000023b6  USBOEPBCTY_6                           
000023b7  USBOEPSIZXY_6                          
000023b8  USBOEPCNF_7                            
000023b9  USBOEPBBAX_7                           
000023ba  USBOEPBCTX_7                           
000023bd  USBOEPBBAY_7                           
000023be  USBOEPBCTY_7                           
000023bf  USBOEPSIZXY_7                          
000023c8  USBIEPCNF_1                            
000023c9  USBIEPBBAX_1                           
000023ca  USBIEPBCTX_1                           
000023cd  USBIEPBBAY_1                           
000023ce  USBIEPBCTY_1                           
000023cf  USBIEPSIZXY_1                          
000023d0  USBIEPCNF_2                            
000023d1  USBIEPBBAX_2                           
000023d2  USBIEPBCTX_2                           
000023d5  USBIEPBBAY_2                           
000023d6  USBIEPBCTY_2                           
000023d7  USBIEPSIZXY_2                          
000023d8  USBIEPCNF_3                            
000023d9  USBIEPBBAX_3                           
000023da  USBIEPBCTX_3                           
000023dd  USBIEPBBAY_3                           
000023de  USBIEPBCTY_3                           
000023df  USBIEPSIZXY_3                          
000023e0  USBIEPCNF_4                            
000023e1  USBIEPBBAX_4                           
000023e2  USBIEPBCTX_4                           
000023e5  USBIEPBBAY_4                           
000023e6  USBIEPBCTY_4                           
000023e7  USBIEPSIZXY_4                          
000023e8  USBIEPCNF_5                            
000023e9  USBIEPBBAX_5                           
000023ea  USBIEPBCTX_5                           
000023ed  USBIEPBBAY_5                           
000023ee  USBIEPBCTY_5                           
000023ef  USBIEPSIZXY_5                          
000023f0  USBIEPCNF_6                            
000023f1  USBIEPBBAX_6                           
000023f2  USBIEPBCTX_6                           
000023f5  USBIEPBBAY_6                           
000023f6  USBIEPBCTY_6                           
000023f7  USBIEPSIZXY_6                          
000023f8  USBIEPCNF_7                            
000023f9  USBIEPBBAX_7                           
000023fa  USBIEPBCTX_7                           
000023fd  USBIEPBBAY_7                           
000023fe  USBIEPBCTY_7                           
000023ff  USBIEPSIZXY_7                          
00002584  cmdoffset                              
000026dc  cmdinfo                                
000026e0  TURN_ON                                
000026e1  FSMStatus                              
000026e2  PBStatus                               
000026e3  CypressGPIO7Status                     
000026e4  SplashDisplay                          
000026e5  pollexinputflag                        
000026e6  Source_sel                             
000026e7  EXTERNALSPI_OFF                        
000026e8  FLASH_MODE_MASTER                      
000026e9  FLASH_MODE_SLAVE                       
000026ea  Cur_VSTATE                             
000026eb  m_bInputVideoMode                      
000026ec  m_bOutputVideoMode                     
000026ed  RGBQuantizationRange                   
000026ee  VIC                                    
000026ef  m_NewAVIInfoFrameF                     
000026f0  m_VidOutDataTrgger                     
000026f1  m_VidOutSyncMode                       
000026f2  bSynWaitcnt                            
000026f3  bSynWaitEn                             
000026f4  RxBuffer                               
00002734  TxBuffer                               
00002774  para                                   
0000277e  PRxData                                
00002782  PTxData                                
00002786  HDMIWaitNo                             
00002788  Pico_HActive                           
0000278a  Pico_VActive                           
0000278c  i2c_baseline_timer                     
0000278e  ucPortAMPOverWrite                     
00002790  CBusIntEvent                           
00002791  CBusWaitNo                             
00002792  HDMIIntEvent                           
00002793  RXByteCtr                              
00002794  TXByteCtr                              
00002795  m_RxHDCPState                          
00002796  m_bUpHDMIMode                          
00002797  m_ucCurrentHDMIPort                    
00002798  m_ucEccCount_P0                        
00002799  para_length                            
00003360  _stack                                 
00003400  __STACK_END                            
00004400  USCI_B0_ISR                            
00004510  _c_int00_noargs                        
0000452c  __TI_ISR_TRAP                          
00004534  TIMER0_A0_ISR                          
00004792  __TI_Handler_Table_Base                
0000479e  __TI_Handler_Table_Limit               
000047a4  __TI_CINIT_Base                        
000047b4  __TI_CINIT_Limit                       
000047b4  __TI_CINIT_Warm                        
0000ffd2  __TI_int41                             
0000ffd4  __TI_int42                             
0000ffd6  __TI_int43                             
0000ffd8  __TI_int44                             
0000ffda  __TI_int45                             
0000ffdc  __TI_int46                             
0000ffde  __TI_int47                             
0000ffe0  __TI_int48                             
0000ffe2  __TI_int49                             
0000ffe4  __TI_int50                             
0000ffe6  __TI_int51                             
0000ffe8  __TI_int52                             
0000ffea  __TI_int53                             
0000ffee  __TI_int55                             
0000fff0  __TI_int56                             
0000fff2  __TI_int57                             
0000fff4  __TI_int58                             
0000fff6  __TI_int59                             
0000fff8  __TI_int60                             
0000fffa  __TI_int61                             
0000fffc  __TI_int62                             
0000fffe  _reset_vector                          
00010486  main                                   
000107d2  dpp343x_source_input_select            
00010e14  i2c_master_polled_write                
00010f4e  i2c_master_polled_read                 
0001106e  IT6801VideoOutputEnable                
00011398  Power_on_sequence                      
0001154e  it6801HPDCtrl                          
0001163e  __TI_decompress_lzss                   
00011792  i2c_master_check_nak_timeout           
00011860  IT6801_AFE_Rst                         
00011922  PortInit                               
000119da  __mspabi_divul                         
000119da  __mspabi_remul                         
00011a32  __TI_auto_init_nobinit_nopinit_hold_wdt
00011a86  IT6801_Identify_Chip                   
00011ad8  Read_Ite6801_i2c                       
00011b28  write_dpp343x_i2c                      
00011bc6  Read_dpp343x_i2c                       
00011d44  Write_Ite6801_i2c                      
00011dac  Power_Off                              
00011dd8  TimerA2_Setup                          
00011dfe  __TI_zero_init_nomemset                
00011e22  ITE6801_Init                           
00011e44  GetCmdInfo                             
00011e62  SlaveI2CSetup                          
00011e98  i2c_master_cleanup                     
00011eb2  i2c_master_set_clockrate               
00011ecc  it6801PortSelect                       
00011ee4  __mspabi_divu                          
00011ee4  __mspabi_remu                          
00011efa  TimerA0_setup                          
00011f0e  memcpy                                 
00011f22  TimerA2_FanOn                          
00011f34  __TI_decompress_none                   
00011f46  i2c_master_init                        
00011f58  Extern_Source_Enable                   
00011f68  GetPicoResolution                      
00011f76  SetReadPADDataLen                      
00011f84  SetWritePADDataLen                     
00011f92  TimerA2_FanOff                         
00011fa0  i2c_master_setup                       
00011fb8  ITE6801_polling_input                  
00011fc2  i2c_master_config_timer                
00011fca  GetITE6801CurStatus                    
00011fd0  C$$EXIT                                
00011fd0  abort                                  
00011fd6  _system_pre_init                       
00011fda  _system_post_cinit                     
ffffffff  __TI_pprof_out_hndl                    
ffffffff  __TI_prof_data_size                    
ffffffff  __TI_prof_data_start                   
ffffffff  __c_args__                             

[758 symbols]
