<?xml version="1.0" encoding="ISO-8859-1" ?>
<link_info>
   <banner>MSP430 Linker PC v21.6.1.LTS</banner>
   <copyright>Copyright (c) 2003-2018 Texas Instruments Incorporated</copyright>
   <link_time>0x69211375</link_time>
   <link_errors>0x0</link_errors>
   <output_file>PICO-FLA7-PAD3005-TI-EVM-Modify-Devasys.out</output_file>
   <entry_point>
      <name>_c_int00_noargs</name>
      <address>0x4510</address>
   </entry_point>
   <input_file_list>
      <input_file id="fl-2">
         <path>.\</path>
         <kind>object</kind>
         <file>DPP343x.obj</file>
         <name>DPP343x.obj</name>
      </input_file>
      <input_file id="fl-3">
         <path>.\</path>
         <kind>object</kind>
         <file>Ite6801.obj</file>
         <name>Ite6801.obj</name>
      </input_file>
      <input_file id="fl-4">
         <path>.\</path>
         <kind>object</kind>
         <file>Main.obj</file>
         <name>Main.obj</name>
      </input_file>
      <input_file id="fl-5">
         <path>.\</path>
         <kind>object</kind>
         <file>i2c_master.obj</file>
         <name>i2c_master.obj</name>
      </input_file>
      <input_file id="fl-b">
         <kind>object</kind>
         <file>&lt;internal&gt;</file>
         <name>&lt;internal&gt;</name>
      </input_file>
      <input_file id="fl-21">
         <path>C:\ti\ccs1220\ccs\tools\compiler\ti-cgt-msp430_21.6.1.LTS\lib\</path>
         <kind>archive</kind>
         <file>rts430x_lc_rd_eabi.lib</file>
         <name>div16u.asm.obj</name>
      </input_file>
      <input_file id="fl-22">
         <path>C:\ti\ccs1220\ccs\tools\compiler\ti-cgt-msp430_21.6.1.LTS\lib\</path>
         <kind>archive</kind>
         <file>rts430x_lc_rd_eabi.lib</file>
         <name>div32u.asm.obj</name>
      </input_file>
      <input_file id="fl-23">
         <path>C:\ti\ccs1220\ccs\tools\compiler\ti-cgt-msp430_21.6.1.LTS\lib\</path>
         <kind>archive</kind>
         <file>rts430x_lc_rd_eabi.lib</file>
         <name>int41.asm.obj</name>
      </input_file>
      <input_file id="fl-24">
         <path>C:\ti\ccs1220\ccs\tools\compiler\ti-cgt-msp430_21.6.1.LTS\lib\</path>
         <kind>archive</kind>
         <file>rts430x_lc_rd_eabi.lib</file>
         <name>int42.asm.obj</name>
      </input_file>
      <input_file id="fl-25">
         <path>C:\ti\ccs1220\ccs\tools\compiler\ti-cgt-msp430_21.6.1.LTS\lib\</path>
         <kind>archive</kind>
         <file>rts430x_lc_rd_eabi.lib</file>
         <name>int43.asm.obj</name>
      </input_file>
      <input_file id="fl-26">
         <path>C:\ti\ccs1220\ccs\tools\compiler\ti-cgt-msp430_21.6.1.LTS\lib\</path>
         <kind>archive</kind>
         <file>rts430x_lc_rd_eabi.lib</file>
         <name>int44.asm.obj</name>
      </input_file>
      <input_file id="fl-27">
         <path>C:\ti\ccs1220\ccs\tools\compiler\ti-cgt-msp430_21.6.1.LTS\lib\</path>
         <kind>archive</kind>
         <file>rts430x_lc_rd_eabi.lib</file>
         <name>int45.asm.obj</name>
      </input_file>
      <input_file id="fl-28">
         <path>C:\ti\ccs1220\ccs\tools\compiler\ti-cgt-msp430_21.6.1.LTS\lib\</path>
         <kind>archive</kind>
         <file>rts430x_lc_rd_eabi.lib</file>
         <name>int46.asm.obj</name>
      </input_file>
      <input_file id="fl-29">
         <path>C:\ti\ccs1220\ccs\tools\compiler\ti-cgt-msp430_21.6.1.LTS\lib\</path>
         <kind>archive</kind>
         <file>rts430x_lc_rd_eabi.lib</file>
         <name>int47.asm.obj</name>
      </input_file>
      <input_file id="fl-2a">
         <path>C:\ti\ccs1220\ccs\tools\compiler\ti-cgt-msp430_21.6.1.LTS\lib\</path>
         <kind>archive</kind>
         <file>rts430x_lc_rd_eabi.lib</file>
         <name>int48.asm.obj</name>
      </input_file>
      <input_file id="fl-2b">
         <path>C:\ti\ccs1220\ccs\tools\compiler\ti-cgt-msp430_21.6.1.LTS\lib\</path>
         <kind>archive</kind>
         <file>rts430x_lc_rd_eabi.lib</file>
         <name>int49.asm.obj</name>
      </input_file>
      <input_file id="fl-2c">
         <path>C:\ti\ccs1220\ccs\tools\compiler\ti-cgt-msp430_21.6.1.LTS\lib\</path>
         <kind>archive</kind>
         <file>rts430x_lc_rd_eabi.lib</file>
         <name>int50.asm.obj</name>
      </input_file>
      <input_file id="fl-2d">
         <path>C:\ti\ccs1220\ccs\tools\compiler\ti-cgt-msp430_21.6.1.LTS\lib\</path>
         <kind>archive</kind>
         <file>rts430x_lc_rd_eabi.lib</file>
         <name>int51.asm.obj</name>
      </input_file>
      <input_file id="fl-2e">
         <path>C:\ti\ccs1220\ccs\tools\compiler\ti-cgt-msp430_21.6.1.LTS\lib\</path>
         <kind>archive</kind>
         <file>rts430x_lc_rd_eabi.lib</file>
         <name>int52.asm.obj</name>
      </input_file>
      <input_file id="fl-2f">
         <path>C:\ti\ccs1220\ccs\tools\compiler\ti-cgt-msp430_21.6.1.LTS\lib\</path>
         <kind>archive</kind>
         <file>rts430x_lc_rd_eabi.lib</file>
         <name>int56.asm.obj</name>
      </input_file>
      <input_file id="fl-30">
         <path>C:\ti\ccs1220\ccs\tools\compiler\ti-cgt-msp430_21.6.1.LTS\lib\</path>
         <kind>archive</kind>
         <file>rts430x_lc_rd_eabi.lib</file>
         <name>int57.asm.obj</name>
      </input_file>
      <input_file id="fl-31">
         <path>C:\ti\ccs1220\ccs\tools\compiler\ti-cgt-msp430_21.6.1.LTS\lib\</path>
         <kind>archive</kind>
         <file>rts430x_lc_rd_eabi.lib</file>
         <name>int58.asm.obj</name>
      </input_file>
      <input_file id="fl-32">
         <path>C:\ti\ccs1220\ccs\tools\compiler\ti-cgt-msp430_21.6.1.LTS\lib\</path>
         <kind>archive</kind>
         <file>rts430x_lc_rd_eabi.lib</file>
         <name>int59.asm.obj</name>
      </input_file>
      <input_file id="fl-33">
         <path>C:\ti\ccs1220\ccs\tools\compiler\ti-cgt-msp430_21.6.1.LTS\lib\</path>
         <kind>archive</kind>
         <file>rts430x_lc_rd_eabi.lib</file>
         <name>int60.asm.obj</name>
      </input_file>
      <input_file id="fl-34">
         <path>C:\ti\ccs1220\ccs\tools\compiler\ti-cgt-msp430_21.6.1.LTS\lib\</path>
         <kind>archive</kind>
         <file>rts430x_lc_rd_eabi.lib</file>
         <name>int61.asm.obj</name>
      </input_file>
      <input_file id="fl-35">
         <path>C:\ti\ccs1220\ccs\tools\compiler\ti-cgt-msp430_21.6.1.LTS\lib\</path>
         <kind>archive</kind>
         <file>rts430x_lc_rd_eabi.lib</file>
         <name>int62.asm.obj</name>
      </input_file>
      <input_file id="fl-36">
         <path>C:\ti\ccs1220\ccs\tools\compiler\ti-cgt-msp430_21.6.1.LTS\lib\</path>
         <kind>archive</kind>
         <file>rts430x_lc_rd_eabi.lib</file>
         <name>isr_trap.asm.obj</name>
      </input_file>
      <input_file id="fl-37">
         <path>C:\ti\ccs1220\ccs\tools\compiler\ti-cgt-msp430_21.6.1.LTS\lib\</path>
         <kind>archive</kind>
         <file>rts430x_lc_rd_eabi.lib</file>
         <name>mult16_f5hw.asm.obj</name>
      </input_file>
      <input_file id="fl-38">
         <path>C:\ti\ccs1220\ccs\tools\compiler\ti-cgt-msp430_21.6.1.LTS\lib\</path>
         <kind>archive</kind>
         <file>rts430x_lc_rd_eabi.lib</file>
         <name>mult1632_f5hw.asm.obj</name>
      </input_file>
      <input_file id="fl-39">
         <path>C:\ti\ccs1220\ccs\tools\compiler\ti-cgt-msp430_21.6.1.LTS\lib\</path>
         <kind>archive</kind>
         <file>rts430x_lc_rd_eabi.lib</file>
         <name>mult32_f5hw.asm.obj</name>
      </input_file>
      <input_file id="fl-3a">
         <path>C:\ti\ccs1220\ccs\tools\compiler\ti-cgt-msp430_21.6.1.LTS\lib\</path>
         <kind>archive</kind>
         <file>rts430x_lc_rd_eabi.lib</file>
         <name>mult3264_f5hw.asm.obj</name>
      </input_file>
      <input_file id="fl-3b">
         <path>C:\ti\ccs1220\ccs\tools\compiler\ti-cgt-msp430_21.6.1.LTS\lib\</path>
         <kind>archive</kind>
         <file>rts430x_lc_rd_eabi.lib</file>
         <name>mult64_f5hw.asm.obj</name>
      </input_file>
      <input_file id="fl-3c">
         <path>C:\ti\ccs1220\ccs\tools\compiler\ti-cgt-msp430_21.6.1.LTS\lib\</path>
         <kind>archive</kind>
         <file>rts430x_lc_rd_eabi.lib</file>
         <name>boot.c.obj</name>
      </input_file>
      <input_file id="fl-3d">
         <path>C:\ti\ccs1220\ccs\tools\compiler\ti-cgt-msp430_21.6.1.LTS\lib\</path>
         <kind>archive</kind>
         <file>rts430x_lc_rd_eabi.lib</file>
         <name>autoinit.c.obj</name>
      </input_file>
      <input_file id="fl-3e">
         <path>C:\ti\ccs1220\ccs\tools\compiler\ti-cgt-msp430_21.6.1.LTS\lib\</path>
         <kind>archive</kind>
         <file>rts430x_lc_rd_eabi.lib</file>
         <name>copy_zero_init.c.obj</name>
      </input_file>
      <input_file id="fl-3f">
         <path>C:\ti\ccs1220\ccs\tools\compiler\ti-cgt-msp430_21.6.1.LTS\lib\</path>
         <kind>archive</kind>
         <file>rts430x_lc_rd_eabi.lib</file>
         <name>cpy_tbl.c.obj</name>
      </input_file>
      <input_file id="fl-40">
         <path>C:\ti\ccs1220\ccs\tools\compiler\ti-cgt-msp430_21.6.1.LTS\lib\</path>
         <kind>archive</kind>
         <file>rts430x_lc_rd_eabi.lib</file>
         <name>mpu_init.c.obj</name>
      </input_file>
      <input_file id="fl-41">
         <path>C:\ti\ccs1220\ccs\tools\compiler\ti-cgt-msp430_21.6.1.LTS\lib\</path>
         <kind>archive</kind>
         <file>rts430x_lc_rd_eabi.lib</file>
         <name>pre_init.c.obj</name>
      </input_file>
      <input_file id="fl-42">
         <path>C:\ti\ccs1220\ccs\tools\compiler\ti-cgt-msp430_21.6.1.LTS\lib\</path>
         <kind>archive</kind>
         <file>rts430x_lc_rd_eabi.lib</file>
         <name>startup.c.obj</name>
      </input_file>
      <input_file id="fl-43">
         <path>C:\ti\ccs1220\ccs\tools\compiler\ti-cgt-msp430_21.6.1.LTS\lib\</path>
         <kind>archive</kind>
         <file>rts430x_lc_rd_eabi.lib</file>
         <name>copy_decompress_none.c.obj</name>
      </input_file>
      <input_file id="fl-44">
         <path>C:\ti\ccs1220\ccs\tools\compiler\ti-cgt-msp430_21.6.1.LTS\lib\</path>
         <kind>archive</kind>
         <file>rts430x_lc_rd_eabi.lib</file>
         <name>copy_decompress_lzss.c.obj</name>
      </input_file>
      <input_file id="fl-45">
         <path>C:\ti\ccs1220\ccs\tools\compiler\ti-cgt-msp430_21.6.1.LTS\lib\</path>
         <kind>archive</kind>
         <file>rts430x_lc_rd_eabi.lib</file>
         <name>exit.c.obj</name>
      </input_file>
      <input_file id="fl-46">
         <path>C:\ti\ccs1220\ccs\tools\compiler\ti-cgt-msp430_21.6.1.LTS\lib\</path>
         <kind>archive</kind>
         <file>rts430x_lc_rd_eabi.lib</file>
         <name>_lock.c.obj</name>
      </input_file>
      <input_file id="fl-47">
         <path>C:\ti\ccs1220\ccs\tools\compiler\ti-cgt-msp430_21.6.1.LTS\lib\</path>
         <kind>archive</kind>
         <file>rts430x_lc_rd_eabi.lib</file>
         <name>args_main.c.obj</name>
      </input_file>
      <input_file id="fl-48">
         <path>C:\ti\ccs1220\ccs\tools\compiler\ti-cgt-msp430_21.6.1.LTS\lib\</path>
         <kind>archive</kind>
         <file>rts430x_lc_rd_eabi.lib</file>
         <name>memcpy.c.obj</name>
      </input_file>
      <input_file id="fl-49">
         <path>C:\ti\ccs1220\ccs\tools\compiler\ti-cgt-msp430_21.6.1.LTS\lib\</path>
         <kind>archive</kind>
         <file>rts430x_lc_rd_eabi.lib</file>
         <name>mult16.asm.obj</name>
      </input_file>
      <input_file id="fl-4a">
         <path>C:\ti\ccs1220\ccs\tools\compiler\ti-cgt-msp430_21.6.1.LTS\lib\</path>
         <kind>archive</kind>
         <file>rts430x_lc_rd_eabi.lib</file>
         <name>exit_gvars.c.obj</name>
      </input_file>
   </input_file_list>
   <object_component_list>
      <object_component id="oc-4f5">
         <name>.common:para</name>
         <uninitialized>true</uninitialized>
         <run_address>0x2774</run_address>
         <size>0xa</size>
      </object_component>
      <object_component id="oc-4f6">
         <name>.common:para_length</name>
         <uninitialized>true</uninitialized>
         <run_address>0x2799</run_address>
         <size>0x1</size>
      </object_component>
      <object_component id="oc-576">
         <name>.common:CBusIntEvent</name>
         <uninitialized>true</uninitialized>
         <run_address>0x2790</run_address>
         <size>0x1</size>
      </object_component>
      <object_component id="oc-577">
         <name>.common:CBusWaitNo</name>
         <uninitialized>true</uninitialized>
         <run_address>0x2791</run_address>
         <size>0x1</size>
      </object_component>
      <object_component id="oc-560">
         <name>.common:m_ucEccCount_P0</name>
         <uninitialized>true</uninitialized>
         <run_address>0x2798</run_address>
         <size>0x1</size>
      </object_component>
      <object_component id="oc-600">
         <name>.common:m_bUpHDMIMode</name>
         <uninitialized>true</uninitialized>
         <run_address>0x2796</run_address>
         <size>0x1</size>
      </object_component>
      <object_component id="oc-63e">
         <name>.common:m_ucCurrentHDMIPort</name>
         <uninitialized>true</uninitialized>
         <run_address>0x2797</run_address>
         <size>0x1</size>
      </object_component>
      <object_component id="oc-573">
         <name>.common:ucPortAMPOverWrite</name>
         <uninitialized>true</uninitialized>
         <run_address>0x278e</run_address>
         <size>0x2</size>
      </object_component>
      <object_component id="oc-574">
         <name>.common:HDMIIntEvent</name>
         <uninitialized>true</uninitialized>
         <run_address>0x2792</run_address>
         <size>0x1</size>
      </object_component>
      <object_component id="oc-575">
         <name>.common:HDMIWaitNo</name>
         <uninitialized>true</uninitialized>
         <run_address>0x2786</run_address>
         <size>0x2</size>
      </object_component>
      <object_component id="oc-591">
         <name>.common:m_RxHDCPState</name>
         <uninitialized>true</uninitialized>
         <run_address>0x2795</run_address>
         <size>0x1</size>
      </object_component>
      <object_component id="oc-5ad">
         <name>.common:Pico_HActive</name>
         <uninitialized>true</uninitialized>
         <run_address>0x2788</run_address>
         <size>0x2</size>
      </object_component>
      <object_component id="oc-5ae">
         <name>.common:Pico_VActive</name>
         <uninitialized>true</uninitialized>
         <run_address>0x278a</run_address>
         <size>0x2</size>
      </object_component>
      <object_component id="oc-3a0">
         <name>.common:PRxData</name>
         <uninitialized>true</uninitialized>
         <run_address>0x277e</run_address>
         <size>0x4</size>
      </object_component>
      <object_component id="oc-37f">
         <name>.common:RXByteCtr</name>
         <uninitialized>true</uninitialized>
         <run_address>0x2793</run_address>
         <size>0x1</size>
      </object_component>
      <object_component id="oc-382">
         <name>.common:RxBuffer</name>
         <uninitialized>true</uninitialized>
         <run_address>0x26f4</run_address>
         <size>0x40</size>
      </object_component>
      <object_component id="oc-38d">
         <name>.common:PTxData</name>
         <uninitialized>true</uninitialized>
         <run_address>0x2782</run_address>
         <size>0x4</size>
      </object_component>
      <object_component id="oc-3a7">
         <name>.common:TXByteCtr</name>
         <uninitialized>true</uninitialized>
         <run_address>0x2794</run_address>
         <size>0x1</size>
      </object_component>
      <object_component id="oc-38c">
         <name>.common:TxBuffer</name>
         <uninitialized>true</uninitialized>
         <run_address>0x2734</run_address>
         <size>0x40</size>
      </object_component>
      <object_component id="oc-4a0">
         <name>.common:i2c_baseline_timer</name>
         <uninitialized>true</uninitialized>
         <run_address>0x278c</run_address>
         <size>0x2</size>
      </object_component>
      <object_component id="oc-3e8">
         <name>.data:cmdoffset</name>
         <load_address>0x2584</load_address>
         <run_address>0x2584</run_address>
         <size>0x100</size>
         <input_file_ref idref="fl-2"/>
      </object_component>
      <object_component id="oc-3eb">
         <name>.data:dpp3439cmdlist</name>
         <load_address>0x2400</load_address>
         <run_address>0x2400</run_address>
         <size>0x184</size>
         <input_file_ref idref="fl-2"/>
      </object_component>
      <object_component id="oc-4ef">
         <name>.data</name>
         <load_address>0x26ea</load_address>
         <run_address>0x26ea</run_address>
         <size>0xa</size>
         <input_file_ref idref="fl-3"/>
      </object_component>
      <object_component id="oc-64d">
         <name>.data:bCSCMtx_YUV2RGB_ITU709_16_235</name>
         <load_address>0x26c6</load_address>
         <run_address>0x26c6</run_address>
         <size>0x15</size>
         <input_file_ref idref="fl-3"/>
      </object_component>
      <object_component id="oc-64a">
         <name>.data:bCSCMtx_YUV2RGB_ITU709_0_255</name>
         <load_address>0x26b0</load_address>
         <run_address>0x26b0</run_address>
         <size>0x15</size>
         <input_file_ref idref="fl-3"/>
      </object_component>
      <object_component id="oc-647">
         <name>.data:bCSCMtx_YUV2RGB_ITU601_16_235</name>
         <load_address>0x269a</load_address>
         <run_address>0x269a</run_address>
         <size>0x15</size>
         <input_file_ref idref="fl-3"/>
      </object_component>
      <object_component id="oc-644">
         <name>.data:bCSCMtx_YUV2RGB_ITU601_0_255</name>
         <load_address>0x2684</load_address>
         <run_address>0x2684</run_address>
         <size>0x15</size>
         <input_file_ref idref="fl-3"/>
      </object_component>
      <object_component id="oc-389">
         <name>.data</name>
         <load_address>0x26dc</load_address>
         <run_address>0x26dc</run_address>
         <size>0xe</size>
         <input_file_ref idref="fl-4"/>
      </object_component>
      <object_component id="oc-303">
         <name>.stack</name>
         <uninitialized>true</uninitialized>
         <run_address>0x3360</run_address>
         <size>0x4</size>
         <input_file_ref idref="fl-3c"/>
      </object_component>
      <object_component id="oc-6c9">
         <name>.stack</name>
         <uninitialized>true</uninitialized>
         <run_address>0x3360</run_address>
         <size>0x0</size>
      </object_component>
      <object_component id="oc-54b">
         <name>.text:hdmi_table_init</name>
         <load_address>0x10000</load_address>
         <run_address>0x10000</run_address>
         <size>0x486</size>
         <input_file_ref idref="fl-3"/>
      </object_component>
      <object_component id="oc-3b7">
         <name>.text:main</name>
         <load_address>0x10486</load_address>
         <run_address>0x10486</run_address>
         <size>0x34c</size>
         <input_file_ref idref="fl-4"/>
      </object_component>
      <object_component id="oc-448">
         <name>.text:dpp343x_source_input_select</name>
         <load_address>0x107d2</load_address>
         <run_address>0x107d2</run_address>
         <size>0x2a0</size>
         <input_file_ref idref="fl-2"/>
      </object_component>
      <object_component id="oc-4e2">
         <name>.text:IT6801HDMIInterruptHandler</name>
         <load_address>0x10a72</load_address>
         <run_address>0x10a72</run_address>
         <size>0x268</size>
         <input_file_ref idref="fl-3"/>
      </object_component>
      <object_component id="oc-637">
         <name>.text:SetColorSpaceConvert</name>
         <load_address>0x10cda</load_address>
         <run_address>0x10cda</run_address>
         <size>0x13a</size>
         <input_file_ref idref="fl-3"/>
      </object_component>
      <object_component id="oc-3f3">
         <name>.text:i2c_master_polled_write</name>
         <load_address>0x10e14</load_address>
         <run_address>0x10e14</run_address>
         <size>0x13a</size>
         <input_file_ref idref="fl-5"/>
      </object_component>
      <object_component id="oc-3f9">
         <name>.text:i2c_master_polled_read</name>
         <load_address>0x10f4e</load_address>
         <run_address>0x10f4e</run_address>
         <size>0x120</size>
         <input_file_ref idref="fl-5"/>
      </object_component>
      <object_component id="oc-5e5">
         <name>.text:IT6801VideoOutputEnable</name>
         <load_address>0x1106e</load_address>
         <run_address>0x1106e</run_address>
         <size>0xf0</size>
         <input_file_ref idref="fl-3"/>
      </object_component>
      <object_component id="oc-618">
         <name>.text:IT6801_VideoOutputModeSet</name>
         <load_address>0x1115e</load_address>
         <run_address>0x1115e</run_address>
         <size>0xd2</size>
         <input_file_ref idref="fl-3"/>
      </object_component>
      <object_component id="oc-59e">
         <name>.text:IT6801_SetVideoMute</name>
         <load_address>0x11230</load_address>
         <run_address>0x11230</run_address>
         <size>0xb6</size>
         <input_file_ref idref="fl-3"/>
      </object_component>
      <object_component id="oc-561">
         <name>.text:hdmirx_INT_P0_ECC</name>
         <load_address>0x112e6</load_address>
         <run_address>0x112e6</run_address>
         <size>0xb2</size>
         <input_file_ref idref="fl-3"/>
      </object_component>
      <object_component id="oc-43c">
         <name>.text:Power_on_sequence</name>
         <load_address>0x11398</load_address>
         <run_address>0x11398</run_address>
         <size>0x9a</size>
         <input_file_ref idref="fl-4"/>
      </object_component>
      <object_component id="oc-612">
         <name>.text:SetNewInfoVideoOutput</name>
         <load_address>0x11432</load_address>
         <run_address>0x11432</run_address>
         <size>0x98</size>
         <input_file_ref idref="fl-3"/>
      </object_component>
      <object_component id="oc-592">
         <name>.text:IT6801VideoOutputConfigure</name>
         <load_address>0x114ca</load_address>
         <run_address>0x114ca</run_address>
         <size>0x84</size>
         <input_file_ref idref="fl-3"/>
      </object_component>
      <object_component id="oc-58a">
         <name>.text:it6801HPDCtrl</name>
         <load_address>0x1154e</load_address>
         <run_address>0x1154e</run_address>
         <size>0x7a</size>
         <input_file_ref idref="fl-3"/>
      </object_component>
      <object_component id="oc-4e8">
         <name>.text:IT6801VideoHandler</name>
         <load_address>0x115c8</load_address>
         <run_address>0x115c8</run_address>
         <size>0x76</size>
         <input_file_ref idref="fl-3"/>
      </object_component>
      <object_component id="oc-6a">
         <name>.text:decompress:lzss:__TI_decompress_lzss</name>
         <load_address>0x1163e</load_address>
         <run_address>0x1163e</run_address>
         <size>0x76</size>
         <input_file_ref idref="fl-44"/>
      </object_component>
      <object_component id="oc-60c">
         <name>.text:GetAVIInfoFrame</name>
         <load_address>0x116b4</load_address>
         <run_address>0x116b4</run_address>
         <size>0x72</size>
         <input_file_ref idref="fl-3"/>
      </object_component>
      <object_component id="oc-5fa">
         <name>.text:SetDVIVideoOutput</name>
         <load_address>0x11726</load_address>
         <run_address>0x11726</run_address>
         <size>0x6c</size>
         <input_file_ref idref="fl-3"/>
      </object_component>
      <object_component id="oc-4a3">
         <name>.text:i2c_master_check_nak_timeout</name>
         <load_address>0x11792</load_address>
         <run_address>0x11792</run_address>
         <size>0x6a</size>
         <input_file_ref idref="fl-5"/>
      </object_component>
      <object_component id="oc-57e">
         <name>.text:CheckPlg5VPwr</name>
         <load_address>0x117fc</load_address>
         <run_address>0x117fc</run_address>
         <size>0x64</size>
         <input_file_ref idref="fl-3"/>
      </object_component>
      <object_component id="oc-5eb">
         <name>.text:IT6801_AFE_Rst</name>
         <load_address>0x11860</load_address>
         <run_address>0x11860</run_address>
         <size>0x62</size>
         <input_file_ref idref="fl-3"/>
      </object_component>
      <object_component id="oc-559">
         <name>.text:IT6801SwitchVideoState</name>
         <load_address>0x118c2</load_address>
         <run_address>0x118c2</run_address>
         <size>0x60</size>
         <input_file_ref idref="fl-3"/>
      </object_component>
      <object_component id="oc-406">
         <name>.text:PortInit</name>
         <load_address>0x11922</load_address>
         <run_address>0x11922</run_address>
         <size>0x5e</size>
         <input_file_ref idref="fl-4"/>
      </object_component>
      <object_component id="oc-5a4">
         <name>.text:WaitingForSCDT</name>
         <load_address>0x11980</load_address>
         <run_address>0x11980</run_address>
         <size>0x5a</size>
         <input_file_ref idref="fl-3"/>
      </object_component>
      <object_component id="oc-538">
         <name>.text</name>
         <load_address>0x119da</load_address>
         <run_address>0x119da</run_address>
         <size>0x58</size>
         <input_file_ref idref="fl-22"/>
      </object_component>
      <object_component id="oc-47f">
         <name>.text:__TI_auto_init_nobinit_nopinit_hold_wdt:__TI_auto_init_nobinit_nopinit_hold_wdt</name>
         <load_address>0x11a32</load_address>
         <run_address>0x11a32</run_address>
         <size>0x54</size>
         <input_file_ref idref="fl-3d"/>
      </object_component>
      <object_component id="oc-4c9">
         <name>.text:IT6801_Identify_Chip</name>
         <load_address>0x11a86</load_address>
         <run_address>0x11a86</run_address>
         <size>0x52</size>
         <input_file_ref idref="fl-3"/>
      </object_component>
      <object_component id="oc-542">
         <name>.text:Read_Ite6801_i2c</name>
         <load_address>0x11ad8</load_address>
         <run_address>0x11ad8</run_address>
         <size>0x50</size>
         <input_file_ref idref="fl-3"/>
      </object_component>
      <object_component id="oc-3a1">
         <name>.text:write_dpp343x_i2c</name>
         <load_address>0x11b28</load_address>
         <run_address>0x11b28</run_address>
         <size>0x50</size>
         <input_file_ref idref="fl-2"/>
      </object_component>
      <object_component id="oc-598">
         <name>.text:CheckAVMute</name>
         <load_address>0x11b78</load_address>
         <run_address>0x11b78</run_address>
         <size>0x4e</size>
         <input_file_ref idref="fl-3"/>
      </object_component>
      <object_component id="oc-38e">
         <name>.text:Read_dpp343x_i2c</name>
         <load_address>0x11bc6</load_address>
         <run_address>0x11bc6</run_address>
         <size>0x48</size>
         <input_file_ref idref="fl-2"/>
      </object_component>
      <object_component id="oc-56d">
         <name>.text:hdmirx_INT_HDMIMode_Chg</name>
         <load_address>0x11c0e</load_address>
         <run_address>0x11c0e</run_address>
         <size>0x46</size>
         <input_file_ref idref="fl-3"/>
      </object_component>
      <object_component id="oc-604">
         <name>.text:CheckSCDT</name>
         <load_address>0x11c54</load_address>
         <run_address>0x11c54</run_address>
         <size>0x40</size>
         <input_file_ref idref="fl-3"/>
      </object_component>
      <object_component id="oc-578">
         <name>.text:hdmirx_INT_5V_Pwr_Chg</name>
         <load_address>0x11c94</load_address>
         <run_address>0x11c94</run_address>
         <size>0x3e</size>
         <input_file_ref idref="fl-3"/>
      </object_component>
      <object_component id="oc-567">
         <name>.text:CLKCheck</name>
         <load_address>0x11cd2</load_address>
         <run_address>0x11cd2</run_address>
         <size>0x3c</size>
         <input_file_ref idref="fl-3"/>
      </object_component>
      <object_component id="oc-5f4">
         <name>.text:IsHDMIMode</name>
         <load_address>0x11d0e</load_address>
         <run_address>0x11d0e</run_address>
         <size>0x36</size>
         <input_file_ref idref="fl-3"/>
      </object_component>
      <object_component id="oc-552">
         <name>.text:Write_Ite6801_i2c</name>
         <load_address>0x11d44</load_address>
         <run_address>0x11d44</run_address>
         <size>0x36</size>
         <input_file_ref idref="fl-3"/>
      </object_component>
      <object_component id="oc-4d5">
         <name>.text:Ite6801RegSet</name>
         <load_address>0x11d7a</load_address>
         <run_address>0x11d7a</run_address>
         <size>0x32</size>
         <input_file_ref idref="fl-3"/>
      </object_component>
      <object_component id="oc-442">
         <name>.text:Power_Off</name>
         <load_address>0x11dac</load_address>
         <run_address>0x11dac</run_address>
         <size>0x2c</size>
         <input_file_ref idref="fl-4"/>
      </object_component>
      <object_component id="oc-418">
         <name>.text:TimerA2_Setup</name>
         <load_address>0x11dd8</load_address>
         <run_address>0x11dd8</run_address>
         <size>0x26</size>
         <input_file_ref idref="fl-4"/>
      </object_component>
      <object_component id="oc-330">
         <name>.text:decompress:ZI:__TI_zero_init_nomemset:__TI_zero_init_nomemset</name>
         <load_address>0x11dfe</load_address>
         <run_address>0x11dfe</run_address>
         <size>0x24</size>
         <input_file_ref idref="fl-3e"/>
      </object_component>
      <object_component id="oc-42a">
         <name>.text:ITE6801_Init</name>
         <load_address>0x11e22</load_address>
         <run_address>0x11e22</run_address>
         <size>0x22</size>
         <input_file_ref idref="fl-3"/>
      </object_component>
      <object_component id="oc-383">
         <name>.text:GetCmdInfo</name>
         <load_address>0x11e44</load_address>
         <run_address>0x11e44</run_address>
         <size>0x1e</size>
         <input_file_ref idref="fl-2"/>
      </object_component>
      <object_component id="oc-41e">
         <name>.text:SlaveI2CSetup</name>
         <load_address>0x11e62</load_address>
         <run_address>0x11e62</run_address>
         <size>0x1c</size>
         <input_file_ref idref="fl-4"/>
      </object_component>
      <object_component id="oc-584">
         <name>.text:hdmirx_INT_SCDT_Chg</name>
         <load_address>0x11e7e</load_address>
         <run_address>0x11e7e</run_address>
         <size>0x1a</size>
         <input_file_ref idref="fl-3"/>
      </object_component>
      <object_component id="oc-4a9">
         <name>.text:i2c_master_cleanup</name>
         <load_address>0x11e98</load_address>
         <run_address>0x11e98</run_address>
         <size>0x1a</size>
         <input_file_ref idref="fl-5"/>
      </object_component>
      <object_component id="oc-4b8">
         <name>.text:i2c_master_set_clockrate</name>
         <load_address>0x11eb2</load_address>
         <run_address>0x11eb2</run_address>
         <size>0x1a</size>
         <input_file_ref idref="fl-5"/>
      </object_component>
      <object_component id="oc-4db">
         <name>.text:it6801PortSelect</name>
         <load_address>0x11ecc</load_address>
         <run_address>0x11ecc</run_address>
         <size>0x18</size>
         <input_file_ref idref="fl-3"/>
      </object_component>
      <object_component id="oc-62f">
         <name>.text</name>
         <load_address>0x11ee4</load_address>
         <run_address>0x11ee4</run_address>
         <size>0x16</size>
         <input_file_ref idref="fl-21"/>
      </object_component>
      <object_component id="oc-412">
         <name>.text:TimerA0_setup</name>
         <load_address>0x11efa</load_address>
         <run_address>0x11efa</run_address>
         <size>0x14</size>
         <input_file_ref idref="fl-4"/>
      </object_component>
      <object_component id="oc-312">
         <name>.text:memcpy</name>
         <load_address>0x11f0e</load_address>
         <run_address>0x11f0e</run_address>
         <size>0x14</size>
         <input_file_ref idref="fl-48"/>
      </object_component>
      <object_component id="oc-44e">
         <name>.text:TimerA2_FanOn</name>
         <load_address>0x11f22</load_address>
         <run_address>0x11f22</run_address>
         <size>0x12</size>
         <input_file_ref idref="fl-4"/>
      </object_component>
      <object_component id="oc-70">
         <name>.text:decompress:none:__TI_decompress_none</name>
         <load_address>0x11f34</load_address>
         <run_address>0x11f34</run_address>
         <size>0x12</size>
         <input_file_ref idref="fl-43"/>
      </object_component>
      <object_component id="oc-4b2">
         <name>.text:i2c_master_init</name>
         <load_address>0x11f46</load_address>
         <run_address>0x11f46</run_address>
         <size>0x12</size>
         <input_file_ref idref="fl-5"/>
      </object_component>
      <object_component id="oc-424">
         <name>.text:Extern_Source_Enable</name>
         <load_address>0x11f58</load_address>
         <run_address>0x11f58</run_address>
         <size>0x10</size>
         <input_file_ref idref="fl-4"/>
      </object_component>
      <object_component id="oc-4f7">
         <name>.text:GetPicoResolution</name>
         <load_address>0x11f68</load_address>
         <run_address>0x11f68</run_address>
         <size>0xe</size>
         <input_file_ref idref="fl-3"/>
      </object_component>
      <object_component id="oc-39a">
         <name>.text:SetReadPADDataLen</name>
         <load_address>0x11f76</load_address>
         <run_address>0x11f76</run_address>
         <size>0xe</size>
         <input_file_ref idref="fl-2"/>
      </object_component>
      <object_component id="oc-394">
         <name>.text:SetWritePADDataLen</name>
         <load_address>0x11f84</load_address>
         <run_address>0x11f84</run_address>
         <size>0xe</size>
         <input_file_ref idref="fl-2"/>
      </object_component>
      <object_component id="oc-454">
         <name>.text:TimerA2_FanOff</name>
         <load_address>0x11f92</load_address>
         <run_address>0x11f92</run_address>
         <size>0xe</size>
         <input_file_ref idref="fl-4"/>
      </object_component>
      <object_component id="oc-40c">
         <name>.text:i2c_master_setup</name>
         <load_address>0x11fa0</load_address>
         <run_address>0x11fa0</run_address>
         <size>0xe</size>
         <input_file_ref idref="fl-5"/>
      </object_component>
      <object_component id="oc-4cf">
         <name>.text:IT6801_Rst</name>
         <load_address>0x11fae</load_address>
         <run_address>0x11fae</run_address>
         <size>0xa</size>
         <input_file_ref idref="fl-3"/>
      </object_component>
      <object_component id="oc-430">
         <name>.text:ITE6801_polling_input</name>
         <load_address>0x11fb8</load_address>
         <run_address>0x11fb8</run_address>
         <size>0xa</size>
         <input_file_ref idref="fl-3"/>
      </object_component>
      <object_component id="oc-4be">
         <name>.text:i2c_master_config_timer</name>
         <load_address>0x11fc2</load_address>
         <run_address>0x11fc2</run_address>
         <size>0x8</size>
         <input_file_ref idref="fl-5"/>
      </object_component>
      <object_component id="oc-436">
         <name>.text:GetITE6801CurStatus</name>
         <load_address>0x11fca</load_address>
         <run_address>0x11fca</run_address>
         <size>0x6</size>
         <input_file_ref idref="fl-3"/>
      </object_component>
      <object_component id="oc-45b">
         <name>.text:abort</name>
         <load_address>0x11fd0</load_address>
         <run_address>0x11fd0</run_address>
         <size>0x6</size>
         <input_file_ref idref="fl-45"/>
      </object_component>
      <object_component id="oc-3b1">
         <name>.text:_system_pre_init</name>
         <load_address>0x11fd6</load_address>
         <run_address>0x11fd6</run_address>
         <size>0x4</size>
         <input_file_ref idref="fl-41"/>
      </object_component>
      <object_component id="oc-512">
         <name>.text:_system_post_cinit</name>
         <load_address>0x11fda</load_address>
         <run_address>0x11fda</run_address>
         <size>0x2</size>
         <input_file_ref idref="fl-42"/>
      </object_component>
      <object_component id="oc-32a">
         <name>.text:_isr:USCI_B0_ISR</name>
         <load_address>0x4400</load_address>
         <run_address>0x4400</run_address>
         <size>0x110</size>
         <input_file_ref idref="fl-4"/>
      </object_component>
      <object_component id="oc-342">
         <name>.text:_isr:_c_int00_noargs</name>
         <load_address>0x4510</load_address>
         <run_address>0x4510</run_address>
         <size>0x1c</size>
         <input_file_ref idref="fl-3c"/>
      </object_component>
      <object_component id="oc-31f">
         <name>.text:_isr:__TI_ISR_TRAP</name>
         <load_address>0x452c</load_address>
         <run_address>0x452c</run_address>
         <size>0x8</size>
         <input_file_ref idref="fl-36"/>
      </object_component>
      <object_component id="oc-324">
         <name>.text:_isr:TIMER0_A0_ISR</name>
         <load_address>0x4534</load_address>
         <run_address>0x4534</run_address>
         <size>0x2</size>
         <input_file_ref idref="fl-4"/>
      </object_component>
      <object_component id="oc-6c8">
         <name>.cinit..data.load</name>
         <load_address>0x453a</load_address>
         <run_address>0x453a</run_address>
         <size>0x258</size>
      </object_component>
      <object_component id="oc-6c5">
         <name>__TI_handler_table</name>
         <load_address>0x4792</load_address>
         <run_address>0x4792</run_address>
         <size>0xc</size>
      </object_component>
      <object_component id="oc-6c7">
         <name>.cinit..bss.load</name>
         <load_address>0x479e</load_address>
         <run_address>0x479e</run_address>
         <size>0x6</size>
      </object_component>
      <object_component id="oc-6c6">
         <name>__TI_cinit_table</name>
         <load_address>0x47a4</load_address>
         <run_address>0x47a4</run_address>
         <size>0x10</size>
      </object_component>
      <object_component id="oc-53f">
         <name>.const:.string:$P$T0$1</name>
         <load_address>0x4536</load_address>
         <run_address>0x4536</run_address>
         <size>0x4</size>
         <input_file_ref idref="fl-3"/>
      </object_component>
      <object_component id="oc-76">
         <name>.int41</name>
         <load_address>0xffd2</load_address>
         <run_address>0xffd2</run_address>
         <size>0x2</size>
         <input_file_ref idref="fl-23"/>
      </object_component>
      <object_component id="oc-77">
         <name>.int42</name>
         <load_address>0xffd4</load_address>
         <run_address>0xffd4</run_address>
         <size>0x2</size>
         <input_file_ref idref="fl-24"/>
      </object_component>
      <object_component id="oc-78">
         <name>.int43</name>
         <load_address>0xffd6</load_address>
         <run_address>0xffd6</run_address>
         <size>0x2</size>
         <input_file_ref idref="fl-25"/>
      </object_component>
      <object_component id="oc-79">
         <name>.int44</name>
         <load_address>0xffd8</load_address>
         <run_address>0xffd8</run_address>
         <size>0x2</size>
         <input_file_ref idref="fl-26"/>
      </object_component>
      <object_component id="oc-7a">
         <name>.int45</name>
         <load_address>0xffda</load_address>
         <run_address>0xffda</run_address>
         <size>0x2</size>
         <input_file_ref idref="fl-27"/>
      </object_component>
      <object_component id="oc-7b">
         <name>.int46</name>
         <load_address>0xffdc</load_address>
         <run_address>0xffdc</run_address>
         <size>0x2</size>
         <input_file_ref idref="fl-28"/>
      </object_component>
      <object_component id="oc-7c">
         <name>.int47</name>
         <load_address>0xffde</load_address>
         <run_address>0xffde</run_address>
         <size>0x2</size>
         <input_file_ref idref="fl-29"/>
      </object_component>
      <object_component id="oc-7d">
         <name>.int48</name>
         <load_address>0xffe0</load_address>
         <run_address>0xffe0</run_address>
         <size>0x2</size>
         <input_file_ref idref="fl-2a"/>
      </object_component>
      <object_component id="oc-7e">
         <name>.int49</name>
         <load_address>0xffe2</load_address>
         <run_address>0xffe2</run_address>
         <size>0x2</size>
         <input_file_ref idref="fl-2b"/>
      </object_component>
      <object_component id="oc-7f">
         <name>.int50</name>
         <load_address>0xffe4</load_address>
         <run_address>0xffe4</run_address>
         <size>0x2</size>
         <input_file_ref idref="fl-2c"/>
      </object_component>
      <object_component id="oc-80">
         <name>.int51</name>
         <load_address>0xffe6</load_address>
         <run_address>0xffe6</run_address>
         <size>0x2</size>
         <input_file_ref idref="fl-2d"/>
      </object_component>
      <object_component id="oc-81">
         <name>.int52</name>
         <load_address>0xffe8</load_address>
         <run_address>0xffe8</run_address>
         <size>0x2</size>
         <input_file_ref idref="fl-2e"/>
      </object_component>
      <object_component id="oc-82">
         <name>.int53</name>
         <load_address>0xffea</load_address>
         <run_address>0xffea</run_address>
         <size>0x2</size>
         <input_file_ref idref="fl-4"/>
      </object_component>
      <object_component id="oc-83">
         <name>.int55</name>
         <load_address>0xffee</load_address>
         <run_address>0xffee</run_address>
         <size>0x2</size>
         <input_file_ref idref="fl-4"/>
      </object_component>
      <object_component id="oc-84">
         <name>.int56</name>
         <load_address>0xfff0</load_address>
         <run_address>0xfff0</run_address>
         <size>0x2</size>
         <input_file_ref idref="fl-2f"/>
      </object_component>
      <object_component id="oc-85">
         <name>.int57</name>
         <load_address>0xfff2</load_address>
         <run_address>0xfff2</run_address>
         <size>0x2</size>
         <input_file_ref idref="fl-30"/>
      </object_component>
      <object_component id="oc-86">
         <name>.int58</name>
         <load_address>0xfff4</load_address>
         <run_address>0xfff4</run_address>
         <size>0x2</size>
         <input_file_ref idref="fl-31"/>
      </object_component>
      <object_component id="oc-87">
         <name>.int59</name>
         <load_address>0xfff6</load_address>
         <run_address>0xfff6</run_address>
         <size>0x2</size>
         <input_file_ref idref="fl-32"/>
      </object_component>
      <object_component id="oc-88">
         <name>.int60</name>
         <load_address>0xfff8</load_address>
         <run_address>0xfff8</run_address>
         <size>0x2</size>
         <input_file_ref idref="fl-33"/>
      </object_component>
      <object_component id="oc-89">
         <name>.int61</name>
         <load_address>0xfffa</load_address>
         <run_address>0xfffa</run_address>
         <size>0x2</size>
         <input_file_ref idref="fl-34"/>
      </object_component>
      <object_component id="oc-8a">
         <name>.int62</name>
         <load_address>0xfffc</load_address>
         <run_address>0xfffc</run_address>
         <size>0x2</size>
         <input_file_ref idref="fl-35"/>
      </object_component>
      <object_component id="oc-306">
         <name>.reset</name>
         <load_address>0xfffe</load_address>
         <run_address>0xfffe</run_address>
         <size>0x2</size>
         <input_file_ref idref="fl-3c"/>
      </object_component>
      <object_component id="oc-3ef">
         <name>.debug_info</name>
         <load_address>0x0</load_address>
         <run_address>0x0</run_address>
         <size>0x32e</size>
         <input_file_ref idref="fl-2"/>
      </object_component>
      <object_component id="oc-3e9">
         <name>.debug_info</name>
         <load_address>0x32e</load_address>
         <run_address>0x32e</run_address>
         <size>0x16b</size>
         <input_file_ref idref="fl-2"/>
      </object_component>
      <object_component id="oc-3ec">
         <name>.debug_info</name>
         <load_address>0x499</load_address>
         <run_address>0x499</run_address>
         <size>0x175</size>
         <input_file_ref idref="fl-2"/>
      </object_component>
      <object_component id="oc-3a4">
         <name>.debug_info</name>
         <load_address>0x60e</load_address>
         <run_address>0x60e</run_address>
         <size>0x2a2</size>
         <input_file_ref idref="fl-2"/>
      </object_component>
      <object_component id="oc-44a">
         <name>.debug_info</name>
         <load_address>0x8b0</load_address>
         <run_address>0x8b0</run_address>
         <size>0x3d0</size>
         <input_file_ref idref="fl-2"/>
      </object_component>
      <object_component id="oc-396">
         <name>.debug_info</name>
         <load_address>0xc80</load_address>
         <run_address>0xc80</run_address>
         <size>0x1e3</size>
         <input_file_ref idref="fl-2"/>
      </object_component>
      <object_component id="oc-39c">
         <name>.debug_info</name>
         <load_address>0xe63</load_address>
         <run_address>0xe63</run_address>
         <size>0x1e1</size>
         <input_file_ref idref="fl-2"/>
      </object_component>
      <object_component id="oc-390">
         <name>.debug_info</name>
         <load_address>0x1044</load_address>
         <run_address>0x1044</run_address>
         <size>0x2d7</size>
         <input_file_ref idref="fl-2"/>
      </object_component>
      <object_component id="oc-385">
         <name>.debug_info</name>
         <load_address>0x131b</load_address>
         <run_address>0x131b</run_address>
         <size>0x1f2</size>
         <input_file_ref idref="fl-2"/>
      </object_component>
      <object_component id="oc-3de">
         <name>.debug_info</name>
         <load_address>0x150d</load_address>
         <run_address>0x150d</run_address>
         <size>0x10a</size>
         <input_file_ref idref="fl-2"/>
      </object_component>
      <object_component id="oc-30d">
         <name>.debug_info</name>
         <load_address>0x1617</load_address>
         <run_address>0x1617</run_address>
         <size>0x84</size>
         <input_file_ref idref="fl-2"/>
      </object_component>
      <object_component id="oc-3e3">
         <name>.debug_info</name>
         <load_address>0x169b</load_address>
         <run_address>0x169b</run_address>
         <size>0x7a</size>
         <input_file_ref idref="fl-2"/>
      </object_component>
      <object_component id="oc-549">
         <name>.debug_info</name>
         <load_address>0x1715</load_address>
         <run_address>0x1715</run_address>
         <size>0x5c8</size>
         <input_file_ref idref="fl-3"/>
      </object_component>
      <object_component id="oc-4f0">
         <name>.debug_info</name>
         <load_address>0x1cdd</load_address>
         <run_address>0x1cdd</run_address>
         <size>0x30c</size>
         <input_file_ref idref="fl-3"/>
      </object_component>
      <object_component id="oc-64e">
         <name>.debug_info</name>
         <load_address>0x1fe9</load_address>
         <run_address>0x1fe9</run_address>
         <size>0x192</size>
         <input_file_ref idref="fl-3"/>
      </object_component>
      <object_component id="oc-64b">
         <name>.debug_info</name>
         <load_address>0x217b</load_address>
         <run_address>0x217b</run_address>
         <size>0x190</size>
         <input_file_ref idref="fl-3"/>
      </object_component>
      <object_component id="oc-648">
         <name>.debug_info</name>
         <load_address>0x230b</load_address>
         <run_address>0x230b</run_address>
         <size>0x192</size>
         <input_file_ref idref="fl-3"/>
      </object_component>
      <object_component id="oc-645">
         <name>.debug_info</name>
         <load_address>0x249d</load_address>
         <run_address>0x249d</run_address>
         <size>0x190</size>
         <input_file_ref idref="fl-3"/>
      </object_component>
      <object_component id="oc-540">
         <name>.debug_info</name>
         <load_address>0x262d</load_address>
         <run_address>0x262d</run_address>
         <size>0x166</size>
         <input_file_ref idref="fl-3"/>
      </object_component>
      <object_component id="oc-543">
         <name>.debug_info</name>
         <load_address>0x2793</load_address>
         <run_address>0x2793</run_address>
         <size>0x2d8</size>
         <input_file_ref idref="fl-3"/>
      </object_component>
      <object_component id="oc-553">
         <name>.debug_info</name>
         <load_address>0x2a6b</load_address>
         <run_address>0x2a6b</run_address>
         <size>0x271</size>
         <input_file_ref idref="fl-3"/>
      </object_component>
      <object_component id="oc-4d6">
         <name>.debug_info</name>
         <load_address>0x2cdc</load_address>
         <run_address>0x2cdc</run_address>
         <size>0x2ba</size>
         <input_file_ref idref="fl-3"/>
      </object_component>
      <object_component id="oc-5f5">
         <name>.debug_info</name>
         <load_address>0x2f96</load_address>
         <run_address>0x2f96</run_address>
         <size>0x20f</size>
         <input_file_ref idref="fl-3"/>
      </object_component>
      <object_component id="oc-638">
         <name>.debug_info</name>
         <load_address>0x31a5</load_address>
         <run_address>0x31a5</run_address>
         <size>0x26e</size>
         <input_file_ref idref="fl-3"/>
      </object_component>
      <object_component id="oc-5fb">
         <name>.debug_info</name>
         <load_address>0x3413</load_address>
         <run_address>0x3413</run_address>
         <size>0x25a</size>
         <input_file_ref idref="fl-3"/>
      </object_component>
      <object_component id="oc-60d">
         <name>.debug_info</name>
         <load_address>0x366d</load_address>
         <run_address>0x366d</run_address>
         <size>0x211</size>
         <input_file_ref idref="fl-3"/>
      </object_component>
      <object_component id="oc-613">
         <name>.debug_info</name>
         <load_address>0x387e</load_address>
         <run_address>0x387e</run_address>
         <size>0x260</size>
         <input_file_ref idref="fl-3"/>
      </object_component>
      <object_component id="oc-619">
         <name>.debug_info</name>
         <load_address>0x3ade</load_address>
         <run_address>0x3ade</run_address>
         <size>0x254</size>
         <input_file_ref idref="fl-3"/>
      </object_component>
      <object_component id="oc-593">
         <name>.debug_info</name>
         <load_address>0x3d32</load_address>
         <run_address>0x3d32</run_address>
         <size>0x2b4</size>
         <input_file_ref idref="fl-3"/>
      </object_component>
      <object_component id="oc-5e6">
         <name>.debug_info</name>
         <load_address>0x3fe6</load_address>
         <run_address>0x3fe6</run_address>
         <size>0x319</size>
         <input_file_ref idref="fl-3"/>
      </object_component>
      <object_component id="oc-5ec">
         <name>.debug_info</name>
         <load_address>0x42ff</load_address>
         <run_address>0x42ff</run_address>
         <size>0x228</size>
         <input_file_ref idref="fl-3"/>
      </object_component>
      <object_component id="oc-55a">
         <name>.debug_info</name>
         <load_address>0x4527</load_address>
         <run_address>0x4527</run_address>
         <size>0x295</size>
         <input_file_ref idref="fl-3"/>
      </object_component>
      <object_component id="oc-4dc">
         <name>.debug_info</name>
         <load_address>0x47bc</load_address>
         <run_address>0x47bc</run_address>
         <size>0x21b</size>
         <input_file_ref idref="fl-3"/>
      </object_component>
      <object_component id="oc-58b">
         <name>.debug_info</name>
         <load_address>0x49d7</load_address>
         <run_address>0x49d7</run_address>
         <size>0x27a</size>
         <input_file_ref idref="fl-3"/>
      </object_component>
      <object_component id="oc-562">
         <name>.debug_info</name>
         <load_address>0x4c51</load_address>
         <run_address>0x4c51</run_address>
         <size>0x25b</size>
         <input_file_ref idref="fl-3"/>
      </object_component>
      <object_component id="oc-568">
         <name>.debug_info</name>
         <load_address>0x4eac</load_address>
         <run_address>0x4eac</run_address>
         <size>0x21f</size>
         <input_file_ref idref="fl-3"/>
      </object_component>
      <object_component id="oc-56e">
         <name>.debug_info</name>
         <load_address>0x50cb</load_address>
         <run_address>0x50cb</run_address>
         <size>0x23f</size>
         <input_file_ref idref="fl-3"/>
      </object_component>
      <object_component id="oc-57f">
         <name>.debug_info</name>
         <load_address>0x530a</load_address>
         <run_address>0x530a</run_address>
         <size>0x2a1</size>
         <input_file_ref idref="fl-3"/>
      </object_component>
      <object_component id="oc-579">
         <name>.debug_info</name>
         <load_address>0x55ab</load_address>
         <run_address>0x55ab</run_address>
         <size>0x260</size>
         <input_file_ref idref="fl-3"/>
      </object_component>
      <object_component id="oc-605">
         <name>.debug_info</name>
         <load_address>0x580b</load_address>
         <run_address>0x580b</run_address>
         <size>0x20d</size>
         <input_file_ref idref="fl-3"/>
      </object_component>
      <object_component id="oc-585">
         <name>.debug_info</name>
         <load_address>0x5a18</load_address>
         <run_address>0x5a18</run_address>
         <size>0x1fb</size>
         <input_file_ref idref="fl-3"/>
      </object_component>
      <object_component id="oc-4e3">
         <name>.debug_info</name>
         <load_address>0x5c13</load_address>
         <run_address>0x5c13</run_address>
         <size>0x46f</size>
         <input_file_ref idref="fl-3"/>
      </object_component>
      <object_component id="oc-599">
         <name>.debug_info</name>
         <load_address>0x6082</load_address>
         <run_address>0x6082</run_address>
         <size>0x209</size>
         <input_file_ref idref="fl-3"/>
      </object_component>
      <object_component id="oc-59f">
         <name>.debug_info</name>
         <load_address>0x628b</load_address>
         <run_address>0x628b</run_address>
         <size>0x289</size>
         <input_file_ref idref="fl-3"/>
      </object_component>
      <object_component id="oc-5a5">
         <name>.debug_info</name>
         <load_address>0x6514</load_address>
         <run_address>0x6514</run_address>
         <size>0x269</size>
         <input_file_ref idref="fl-3"/>
      </object_component>
      <object_component id="oc-4e9">
         <name>.debug_info</name>
         <load_address>0x677d</load_address>
         <run_address>0x677d</run_address>
         <size>0x25b</size>
         <input_file_ref idref="fl-3"/>
      </object_component>
      <object_component id="oc-431">
         <name>.debug_info</name>
         <load_address>0x69d8</load_address>
         <run_address>0x69d8</run_address>
         <size>0x1f0</size>
         <input_file_ref idref="fl-3"/>
      </object_component>
      <object_component id="oc-4ca">
         <name>.debug_info</name>
         <load_address>0x6bc8</load_address>
         <run_address>0x6bc8</run_address>
         <size>0x21d</size>
         <input_file_ref idref="fl-3"/>
      </object_component>
      <object_component id="oc-54c">
         <name>.debug_info</name>
         <load_address>0x6de5</load_address>
         <run_address>0x6de5</run_address>
         <size>0x6a6</size>
         <input_file_ref idref="fl-3"/>
      </object_component>
      <object_component id="oc-4d0">
         <name>.debug_info</name>
         <load_address>0x748b</load_address>
         <run_address>0x748b</run_address>
         <size>0x1b5</size>
         <input_file_ref idref="fl-3"/>
      </object_component>
      <object_component id="oc-42b">
         <name>.debug_info</name>
         <load_address>0x7640</load_address>
         <run_address>0x7640</run_address>
         <size>0x1fb</size>
         <input_file_ref idref="fl-3"/>
      </object_component>
      <object_component id="oc-4f8">
         <name>.debug_info</name>
         <load_address>0x783b</load_address>
         <run_address>0x783b</run_address>
         <size>0x20a</size>
         <input_file_ref idref="fl-3"/>
      </object_component>
      <object_component id="oc-437">
         <name>.debug_info</name>
         <load_address>0x7a45</load_address>
         <run_address>0x7a45</run_address>
         <size>0x1b6</size>
         <input_file_ref idref="fl-3"/>
      </object_component>
      <object_component id="oc-380">
         <name>.debug_info</name>
         <load_address>0x7bfb</load_address>
         <run_address>0x7bfb</run_address>
         <size>0xa87</size>
         <input_file_ref idref="fl-4"/>
      </object_component>
      <object_component id="oc-38a">
         <name>.debug_info</name>
         <load_address>0x8682</load_address>
         <run_address>0x8682</run_address>
         <size>0x30e</size>
         <input_file_ref idref="fl-4"/>
      </object_component>
      <object_component id="oc-408">
         <name>.debug_info</name>
         <load_address>0x8990</load_address>
         <run_address>0x8990</run_address>
         <size>0x190</size>
         <input_file_ref idref="fl-4"/>
      </object_component>
      <object_component id="oc-413">
         <name>.debug_info</name>
         <load_address>0x8b20</load_address>
         <run_address>0x8b20</run_address>
         <size>0x19a</size>
         <input_file_ref idref="fl-4"/>
      </object_component>
      <object_component id="oc-419">
         <name>.debug_info</name>
         <load_address>0x8cba</load_address>
         <run_address>0x8cba</run_address>
         <size>0x19a</size>
         <input_file_ref idref="fl-4"/>
      </object_component>
      <object_component id="oc-41f">
         <name>.debug_info</name>
         <load_address>0x8e54</load_address>
         <run_address>0x8e54</run_address>
         <size>0x19a</size>
         <input_file_ref idref="fl-4"/>
      </object_component>
      <object_component id="oc-426">
         <name>.debug_info</name>
         <load_address>0x8fee</load_address>
         <run_address>0x8fee</run_address>
         <size>0x1ca</size>
         <input_file_ref idref="fl-4"/>
      </object_component>
      <object_component id="oc-450">
         <name>.debug_info</name>
         <load_address>0x91b8</load_address>
         <run_address>0x91b8</run_address>
         <size>0x19a</size>
         <input_file_ref idref="fl-4"/>
      </object_component>
      <object_component id="oc-456">
         <name>.debug_info</name>
         <load_address>0x9352</load_address>
         <run_address>0x9352</run_address>
         <size>0x19c</size>
         <input_file_ref idref="fl-4"/>
      </object_component>
      <object_component id="oc-43d">
         <name>.debug_info</name>
         <load_address>0x94ee</load_address>
         <run_address>0x94ee</run_address>
         <size>0x1f9</size>
         <input_file_ref idref="fl-4"/>
      </object_component>
      <object_component id="oc-443">
         <name>.debug_info</name>
         <load_address>0x96e7</load_address>
         <run_address>0x96e7</run_address>
         <size>0x192</size>
         <input_file_ref idref="fl-4"/>
      </object_component>
      <object_component id="oc-3b8">
         <name>.debug_info</name>
         <load_address>0x9879</load_address>
         <run_address>0x9879</run_address>
         <size>0x3dd</size>
         <input_file_ref idref="fl-4"/>
      </object_component>
      <object_component id="oc-32c">
         <name>.debug_info</name>
         <load_address>0x9c56</load_address>
         <run_address>0x9c56</run_address>
         <size>0x20b</size>
         <input_file_ref idref="fl-4"/>
      </object_component>
      <object_component id="oc-325">
         <name>.debug_info</name>
         <load_address>0x9e61</load_address>
         <run_address>0x9e61</run_address>
         <size>0x19e</size>
         <input_file_ref idref="fl-4"/>
      </object_component>
      <object_component id="oc-4a1">
         <name>.debug_info</name>
         <load_address>0x9fff</load_address>
         <run_address>0x9fff</run_address>
         <size>0x477</size>
         <input_file_ref idref="fl-5"/>
      </object_component>
      <object_component id="oc-4b3">
         <name>.debug_info</name>
         <load_address>0xa476</load_address>
         <run_address>0xa476</run_address>
         <size>0x1b0</size>
         <input_file_ref idref="fl-5"/>
      </object_component>
      <object_component id="oc-4b9">
         <name>.debug_info</name>
         <load_address>0xa626</load_address>
         <run_address>0xa626</run_address>
         <size>0x213</size>
         <input_file_ref idref="fl-5"/>
      </object_component>
      <object_component id="oc-4bf">
         <name>.debug_info</name>
         <load_address>0xa839</load_address>
         <run_address>0xa839</run_address>
         <size>0x1c0</size>
         <input_file_ref idref="fl-5"/>
      </object_component>
      <object_component id="oc-40d">
         <name>.debug_info</name>
         <load_address>0xa9f9</load_address>
         <run_address>0xa9f9</run_address>
         <size>0x21e</size>
         <input_file_ref idref="fl-5"/>
      </object_component>
      <object_component id="oc-4a4">
         <name>.debug_info</name>
         <load_address>0xac17</load_address>
         <run_address>0xac17</run_address>
         <size>0x260</size>
         <input_file_ref idref="fl-5"/>
      </object_component>
      <object_component id="oc-4aa">
         <name>.debug_info</name>
         <load_address>0xae77</load_address>
         <run_address>0xae77</run_address>
         <size>0x1b9</size>
         <input_file_ref idref="fl-5"/>
      </object_component>
      <object_component id="oc-3f4">
         <name>.debug_info</name>
         <load_address>0xb030</load_address>
         <run_address>0xb030</run_address>
         <size>0x44f</size>
         <input_file_ref idref="fl-5"/>
      </object_component>
      <object_component id="oc-3fa">
         <name>.debug_info</name>
         <load_address>0xb47f</load_address>
         <run_address>0xb47f</run_address>
         <size>0x403</size>
         <input_file_ref idref="fl-5"/>
      </object_component>
      <object_component id="oc-631">
         <name>.debug_info</name>
         <load_address>0xb882</load_address>
         <run_address>0xb882</run_address>
         <size>0x121</size>
         <input_file_ref idref="fl-21"/>
      </object_component>
      <object_component id="oc-53a">
         <name>.debug_info</name>
         <load_address>0xb9a3</load_address>
         <run_address>0xb9a3</run_address>
         <size>0x123</size>
         <input_file_ref idref="fl-22"/>
      </object_component>
      <object_component id="oc-321">
         <name>.debug_info</name>
         <load_address>0xbac6</load_address>
         <run_address>0xbac6</run_address>
         <size>0x10f</size>
         <input_file_ref idref="fl-36"/>
      </object_component>
      <object_component id="oc-304">
         <name>.debug_info</name>
         <load_address>0xbbd5</load_address>
         <run_address>0xbbd5</run_address>
         <size>0x100</size>
         <input_file_ref idref="fl-3c"/>
      </object_component>
      <object_component id="oc-343">
         <name>.debug_info</name>
         <load_address>0xbcd5</load_address>
         <run_address>0xbcd5</run_address>
         <size>0x17a</size>
         <input_file_ref idref="fl-3c"/>
      </object_component>
      <object_component id="oc-519">
         <name>.debug_info</name>
         <load_address>0xbe4f</load_address>
         <run_address>0xbe4f</run_address>
         <size>0x3fc</size>
         <input_file_ref idref="fl-3d"/>
      </object_component>
      <object_component id="oc-481">
         <name>.debug_info</name>
         <load_address>0xc24b</load_address>
         <run_address>0xc24b</run_address>
         <size>0x230</size>
         <input_file_ref idref="fl-3d"/>
      </object_component>
      <object_component id="oc-5c7">
         <name>.debug_info</name>
         <load_address>0xc47b</load_address>
         <run_address>0xc47b</run_address>
         <size>0x39</size>
         <input_file_ref idref="fl-3d"/>
      </object_component>
      <object_component id="oc-5d8">
         <name>.debug_info</name>
         <load_address>0xc4b4</load_address>
         <run_address>0xc4b4</run_address>
         <size>0x2c</size>
         <input_file_ref idref="fl-3d"/>
      </object_component>
      <object_component id="oc-524">
         <name>.debug_info</name>
         <load_address>0xc4e0</load_address>
         <run_address>0xc4e0</run_address>
         <size>0x2c</size>
         <input_file_ref idref="fl-3d"/>
      </object_component>
      <object_component id="oc-5cc">
         <name>.debug_info</name>
         <load_address>0xc50c</load_address>
         <run_address>0xc50c</run_address>
         <size>0xcd</size>
         <input_file_ref idref="fl-3d"/>
      </object_component>
      <object_component id="oc-3af">
         <name>.debug_info</name>
         <load_address>0xc5d9</load_address>
         <run_address>0xc5d9</run_address>
         <size>0x17f</size>
         <input_file_ref idref="fl-3e"/>
      </object_component>
      <object_component id="oc-331">
         <name>.debug_info</name>
         <load_address>0xc758</load_address>
         <run_address>0xc758</run_address>
         <size>0x1d7</size>
         <input_file_ref idref="fl-3e"/>
      </object_component>
      <object_component id="oc-3aa">
         <name>.debug_info</name>
         <load_address>0xc92f</load_address>
         <run_address>0xc92f</run_address>
         <size>0x46</size>
         <input_file_ref idref="fl-3e"/>
      </object_component>
      <object_component id="oc-376">
         <name>.debug_info</name>
         <load_address>0xc975</load_address>
         <run_address>0xc975</run_address>
         <size>0x2c</size>
         <input_file_ref idref="fl-3f"/>
      </object_component>
      <object_component id="oc-3b5">
         <name>.debug_info</name>
         <load_address>0xc9a1</load_address>
         <run_address>0xc9a1</run_address>
         <size>0x153</size>
         <input_file_ref idref="fl-41"/>
      </object_component>
      <object_component id="oc-516">
         <name>.debug_info</name>
         <load_address>0xcaf4</load_address>
         <run_address>0xcaf4</run_address>
         <size>0x150</size>
         <input_file_ref idref="fl-42"/>
      </object_component>
      <object_component id="oc-31e">
         <name>.debug_info</name>
         <load_address>0xcc44</load_address>
         <run_address>0xcc44</run_address>
         <size>0x18f</size>
         <input_file_ref idref="fl-43"/>
      </object_component>
      <object_component id="oc-72">
         <name>.debug_info</name>
         <load_address>0xcdd3</load_address>
         <run_address>0xcdd3</run_address>
         <size>0x1d3</size>
         <input_file_ref idref="fl-43"/>
      </object_component>
      <object_component id="oc-319">
         <name>.debug_info</name>
         <load_address>0xcfa6</load_address>
         <run_address>0xcfa6</run_address>
         <size>0x46</size>
         <input_file_ref idref="fl-43"/>
      </object_component>
      <object_component id="oc-373">
         <name>.debug_info</name>
         <load_address>0xcfec</load_address>
         <run_address>0xcfec</run_address>
         <size>0x17b</size>
         <input_file_ref idref="fl-44"/>
      </object_component>
      <object_component id="oc-6e">
         <name>.debug_info</name>
         <load_address>0xd167</load_address>
         <run_address>0xd167</run_address>
         <size>0x250</size>
         <input_file_ref idref="fl-44"/>
      </object_component>
      <object_component id="oc-308">
         <name>.debug_info</name>
         <load_address>0xd3b7</load_address>
         <run_address>0xd3b7</run_address>
         <size>0x60</size>
         <input_file_ref idref="fl-44"/>
      </object_component>
      <object_component id="oc-3d3">
         <name>.debug_info</name>
         <load_address>0xd417</load_address>
         <run_address>0xd417</run_address>
         <size>0x46</size>
         <input_file_ref idref="fl-44"/>
      </object_component>
      <object_component id="oc-36e">
         <name>.debug_info</name>
         <load_address>0xd45d</load_address>
         <run_address>0xd45d</run_address>
         <size>0x39</size>
         <input_file_ref idref="fl-44"/>
      </object_component>
      <object_component id="oc-45c">
         <name>.debug_info</name>
         <load_address>0xd496</load_address>
         <run_address>0xd496</run_address>
         <size>0x122</size>
         <input_file_ref idref="fl-45"/>
      </object_component>
      <object_component id="oc-375">
         <name>.debug_info</name>
         <load_address>0xd5b8</load_address>
         <run_address>0xd5b8</run_address>
         <size>0x19a</size>
         <input_file_ref idref="fl-48"/>
      </object_component>
      <object_component id="oc-315">
         <name>.debug_info</name>
         <load_address>0xd752</load_address>
         <run_address>0xd752</run_address>
         <size>0x17a</size>
         <input_file_ref idref="fl-48"/>
      </object_component>
      <object_component id="oc-6cb">
         <name>.debug_info</name>
         <load_address>0xd8cc</load_address>
         <run_address>0xd8cc</run_address>
         <size>0x135</size>
      </object_component>
      <object_component id="oc-49f">
         <name>.debug_line</name>
         <load_address>0x0</load_address>
         <run_address>0x0</run_address>
         <size>0x43</size>
         <input_file_ref idref="fl-2"/>
      </object_component>
      <object_component id="oc-49b">
         <name>.debug_line</name>
         <load_address>0x43</load_address>
         <run_address>0x43</run_address>
         <size>0x30</size>
         <input_file_ref idref="fl-2"/>
      </object_component>
      <object_component id="oc-49d">
         <name>.debug_line</name>
         <load_address>0x73</load_address>
         <run_address>0x73</run_address>
         <size>0x30</size>
         <input_file_ref idref="fl-2"/>
      </object_component>
      <object_component id="oc-3a2">
         <name>.debug_line</name>
         <load_address>0xa3</load_address>
         <run_address>0xa3</run_address>
         <size>0x55</size>
         <input_file_ref idref="fl-2"/>
      </object_component>
      <object_component id="oc-449">
         <name>.debug_line</name>
         <load_address>0xf8</load_address>
         <run_address>0xf8</run_address>
         <size>0xcc</size>
         <input_file_ref idref="fl-2"/>
      </object_component>
      <object_component id="oc-395">
         <name>.debug_line</name>
         <load_address>0x1c4</load_address>
         <run_address>0x1c4</run_address>
         <size>0x47</size>
         <input_file_ref idref="fl-2"/>
      </object_component>
      <object_component id="oc-39b">
         <name>.debug_line</name>
         <load_address>0x20b</load_address>
         <run_address>0x20b</run_address>
         <size>0x47</size>
         <input_file_ref idref="fl-2"/>
      </object_component>
      <object_component id="oc-38f">
         <name>.debug_line</name>
         <load_address>0x252</load_address>
         <run_address>0x252</run_address>
         <size>0x4c</size>
         <input_file_ref idref="fl-2"/>
      </object_component>
      <object_component id="oc-384">
         <name>.debug_line</name>
         <load_address>0x29e</load_address>
         <run_address>0x29e</run_address>
         <size>0x4b</size>
         <input_file_ref idref="fl-2"/>
      </object_component>
      <object_component id="oc-3e1">
         <name>.debug_line</name>
         <load_address>0x2e9</load_address>
         <run_address>0x2e9</run_address>
         <size>0x30</size>
         <input_file_ref idref="fl-2"/>
      </object_component>
      <object_component id="oc-310">
         <name>.debug_line</name>
         <load_address>0x319</load_address>
         <run_address>0x319</run_address>
         <size>0x20</size>
         <input_file_ref idref="fl-2"/>
      </object_component>
      <object_component id="oc-3e6">
         <name>.debug_line</name>
         <load_address>0x339</load_address>
         <run_address>0x339</run_address>
         <size>0x2f</size>
         <input_file_ref idref="fl-2"/>
      </object_component>
      <object_component id="oc-5e2">
         <name>.debug_line</name>
         <load_address>0x368</load_address>
         <run_address>0x368</run_address>
         <size>0x43</size>
         <input_file_ref idref="fl-3"/>
      </object_component>
      <object_component id="oc-5ac">
         <name>.debug_line</name>
         <load_address>0x3ab</load_address>
         <run_address>0x3ab</run_address>
         <size>0x30</size>
         <input_file_ref idref="fl-3"/>
      </object_component>
      <object_component id="oc-658">
         <name>.debug_line</name>
         <load_address>0x3db</load_address>
         <run_address>0x3db</run_address>
         <size>0x30</size>
         <input_file_ref idref="fl-3"/>
      </object_component>
      <object_component id="oc-656">
         <name>.debug_line</name>
         <load_address>0x40b</load_address>
         <run_address>0x40b</run_address>
         <size>0x30</size>
         <input_file_ref idref="fl-3"/>
      </object_component>
      <object_component id="oc-654">
         <name>.debug_line</name>
         <load_address>0x43b</load_address>
         <run_address>0x43b</run_address>
         <size>0x30</size>
         <input_file_ref idref="fl-3"/>
      </object_component>
      <object_component id="oc-652">
         <name>.debug_line</name>
         <load_address>0x46b</load_address>
         <run_address>0x46b</run_address>
         <size>0x30</size>
         <input_file_ref idref="fl-3"/>
      </object_component>
      <object_component id="oc-5df">
         <name>.debug_line</name>
         <load_address>0x49b</load_address>
         <run_address>0x49b</run_address>
         <size>0x30</size>
         <input_file_ref idref="fl-3"/>
      </object_component>
      <object_component id="oc-547">
         <name>.debug_line</name>
         <load_address>0x4cb</load_address>
         <run_address>0x4cb</run_address>
         <size>0x4f</size>
         <input_file_ref idref="fl-3"/>
      </object_component>
      <object_component id="oc-557">
         <name>.debug_line</name>
         <load_address>0x51a</load_address>
         <run_address>0x51a</run_address>
         <size>0x4a</size>
         <input_file_ref idref="fl-3"/>
      </object_component>
      <object_component id="oc-4d9">
         <name>.debug_line</name>
         <load_address>0x564</load_address>
         <run_address>0x564</run_address>
         <size>0x4b</size>
         <input_file_ref idref="fl-3"/>
      </object_component>
      <object_component id="oc-5f9">
         <name>.debug_line</name>
         <load_address>0x5af</load_address>
         <run_address>0x5af</run_address>
         <size>0x4a</size>
         <input_file_ref idref="fl-3"/>
      </object_component>
      <object_component id="oc-63b">
         <name>.debug_line</name>
         <load_address>0x5f9</load_address>
         <run_address>0x5f9</run_address>
         <size>0xb2</size>
         <input_file_ref idref="fl-3"/>
      </object_component>
      <object_component id="oc-5ff">
         <name>.debug_line</name>
         <load_address>0x6ab</load_address>
         <run_address>0x6ab</run_address>
         <size>0x52</size>
         <input_file_ref idref="fl-3"/>
      </object_component>
      <object_component id="oc-611">
         <name>.debug_line</name>
         <load_address>0x6fd</load_address>
         <run_address>0x6fd</run_address>
         <size>0x4f</size>
         <input_file_ref idref="fl-3"/>
      </object_component>
      <object_component id="oc-617">
         <name>.debug_line</name>
         <load_address>0x74c</load_address>
         <run_address>0x74c</run_address>
         <size>0x5b</size>
         <input_file_ref idref="fl-3"/>
      </object_component>
      <object_component id="oc-61d">
         <name>.debug_line</name>
         <load_address>0x7a7</load_address>
         <run_address>0x7a7</run_address>
[...]
      <symbol id="sm-273">
         <name>UCB1IV</name>
         <value>0x63e</value>
      </symbol>
      <symbol id="sm-274">
         <name>WDTCTL</name>
         <value>0x15c</value>
      </symbol>
      <symbol id="sm-275">
         <name>WDTCTL_L</name>
         <value>0x15c</value>
      </symbol>
      <symbol id="sm-276">
         <name>WDTCTL_H</name>
         <value>0x15d</value>
      </symbol>
      <symbol id="sm-277">
         <name>__TI_CINIT_Base</name>
         <value>0x47a4</value>
      </symbol>
      <symbol id="sm-278">
         <name>__TI_CINIT_Limit</name>
         <value>0x47b4</value>
      </symbol>
      <symbol id="sm-279">
         <name>__TI_CINIT_Warm</name>
         <value>0x47b4</value>
      </symbol>
      <symbol id="sm-27a">
         <name>__TI_Handler_Table_Base</name>
         <value>0x4792</value>
      </symbol>
      <symbol id="sm-27b">
         <name>__TI_Handler_Table_Limit</name>
         <value>0x479e</value>
      </symbol>
      <symbol id="sm-27c">
         <name>__STACK_SIZE</name>
         <value>0xa0</value>
      </symbol>
      <symbol id="sm-27d">
         <name>__STACK_END</name>
         <value>0x3400</value>
      </symbol>
      <symbol id="sm-27e">
         <name>__c_args__</name>
         <value>0xffffffff</value>
      </symbol>
      <symbol id="sm-27f">
         <name>__TI_pprof_out_hndl</name>
         <value>0xffffffff</value>
      </symbol>
      <symbol id="sm-280">
         <name>__TI_prof_data_start</name>
         <value>0xffffffff</value>
      </symbol>
      <symbol id="sm-281">
         <name>__TI_prof_data_size</name>
         <value>0xffffffff</value>
      </symbol>
      <symbol id="sm-332">
         <name>para</name>
         <value>0x2774</value>
      </symbol>
      <symbol id="sm-333">
         <name>para_length</name>
         <value>0x2799</value>
      </symbol>
      <symbol id="sm-334">
         <name>write_dpp343x_i2c</name>
         <value>0x11b28</value>
         <object_component_ref idref="oc-3a1"/>
      </symbol>
      <symbol id="sm-335">
         <name>cmdoffset</name>
         <value>0x2584</value>
         <object_component_ref idref="oc-3e8"/>
      </symbol>
      <symbol id="sm-336">
         <name>SetWritePADDataLen</name>
         <value>0x11f84</value>
         <object_component_ref idref="oc-394"/>
      </symbol>
      <symbol id="sm-337">
         <name>Read_dpp343x_i2c</name>
         <value>0x11bc6</value>
         <object_component_ref idref="oc-38e"/>
      </symbol>
      <symbol id="sm-338">
         <name>GetCmdInfo</name>
         <value>0x11e44</value>
         <object_component_ref idref="oc-383"/>
      </symbol>
      <symbol id="sm-339">
         <name>SetReadPADDataLen</name>
         <value>0x11f76</value>
         <object_component_ref idref="oc-39a"/>
      </symbol>
      <symbol id="sm-33a">
         <name>dpp343x_source_input_select</name>
         <value>0x107d2</value>
         <object_component_ref idref="oc-448"/>
      </symbol>
      <symbol id="sm-4cc">
         <name>CBusIntEvent</name>
         <value>0x2790</value>
      </symbol>
      <symbol id="sm-4cd">
         <name>CBusWaitNo</name>
         <value>0x2791</value>
      </symbol>
      <symbol id="sm-4ce">
         <name>m_ucEccCount_P0</name>
         <value>0x2798</value>
      </symbol>
      <symbol id="sm-4cf">
         <name>m_bUpHDMIMode</name>
         <value>0x2796</value>
      </symbol>
      <symbol id="sm-4d0">
         <name>m_ucCurrentHDMIPort</name>
         <value>0x2797</value>
      </symbol>
      <symbol id="sm-4d1">
         <name>ucPortAMPOverWrite</name>
         <value>0x278e</value>
      </symbol>
      <symbol id="sm-4d2">
         <name>HDMIIntEvent</name>
         <value>0x2792</value>
      </symbol>
      <symbol id="sm-4d3">
         <name>HDMIWaitNo</name>
         <value>0x2786</value>
      </symbol>
      <symbol id="sm-4d4">
         <name>m_RxHDCPState</name>
         <value>0x2795</value>
      </symbol>
      <symbol id="sm-4d5">
         <name>Pico_HActive</name>
         <value>0x2788</value>
      </symbol>
      <symbol id="sm-4d6">
         <name>Pico_VActive</name>
         <value>0x278a</value>
      </symbol>
      <symbol id="sm-4d7">
         <name>m_bInputVideoMode</name>
         <value>0x26eb</value>
         <object_component_ref idref="oc-4ef"/>
      </symbol>
      <symbol id="sm-4d8">
         <name>IT6801_Identify_Chip</name>
         <value>0x11a86</value>
         <object_component_ref idref="oc-4c9"/>
      </symbol>
      <symbol id="sm-4d9">
         <name>bSynWaitcnt</name>
         <value>0x26f2</value>
         <object_component_ref idref="oc-4ef"/>
      </symbol>
      <symbol id="sm-4da">
         <name>GetPicoResolution</name>
         <value>0x11f68</value>
         <object_component_ref idref="oc-4f7"/>
      </symbol>
      <symbol id="sm-4db">
         <name>IT6801VideoOutputEnable</name>
         <value>0x1106e</value>
         <object_component_ref idref="oc-5e5"/>
      </symbol>
      <symbol id="sm-4dc">
         <name>m_VidOutDataTrgger</name>
         <value>0x26f0</value>
         <object_component_ref idref="oc-4ef"/>
      </symbol>
      <symbol id="sm-4dd">
         <name>Cur_VSTATE</name>
         <value>0x26ea</value>
         <object_component_ref idref="oc-4ef"/>
      </symbol>
      <symbol id="sm-4de">
         <name>IT6801_AFE_Rst</name>
         <value>0x11860</value>
         <object_component_ref idref="oc-5eb"/>
      </symbol>
      <symbol id="sm-4df">
         <name>ITE6801_Init</name>
         <value>0x11e22</value>
         <object_component_ref idref="oc-42a"/>
      </symbol>
      <symbol id="sm-4e0">
         <name>bSynWaitEn</name>
         <value>0x26f3</value>
         <object_component_ref idref="oc-4ef"/>
      </symbol>
      <symbol id="sm-4e1">
         <name>it6801PortSelect</name>
         <value>0x11ecc</value>
         <object_component_ref idref="oc-4db"/>
      </symbol>
      <symbol id="sm-4e2">
         <name>m_NewAVIInfoFrameF</name>
         <value>0x26ef</value>
         <object_component_ref idref="oc-4ef"/>
      </symbol>
      <symbol id="sm-4e3">
         <name>it6801HPDCtrl</name>
         <value>0x1154e</value>
         <object_component_ref idref="oc-58a"/>
      </symbol>
      <symbol id="sm-4e4">
         <name>ITE6801_polling_input</name>
         <value>0x11fb8</value>
         <object_component_ref idref="oc-430"/>
      </symbol>
      <symbol id="sm-4e5">
         <name>RGBQuantizationRange</name>
         <value>0x26ed</value>
         <object_component_ref idref="oc-4ef"/>
      </symbol>
      <symbol id="sm-4e6">
         <name>GetITE6801CurStatus</name>
         <value>0x11fca</value>
         <object_component_ref idref="oc-436"/>
      </symbol>
      <symbol id="sm-4e7">
         <name>m_VidOutSyncMode</name>
         <value>0x26f1</value>
         <object_component_ref idref="oc-4ef"/>
      </symbol>
      <symbol id="sm-4e8">
         <name>VIC</name>
         <value>0x26ee</value>
         <object_component_ref idref="oc-4ef"/>
      </symbol>
      <symbol id="sm-4e9">
         <name>m_bOutputVideoMode</name>
         <value>0x26ec</value>
         <object_component_ref idref="oc-4ef"/>
      </symbol>
      <symbol id="sm-4ea">
         <name>Read_Ite6801_i2c</name>
         <value>0x11ad8</value>
         <object_component_ref idref="oc-542"/>
      </symbol>
      <symbol id="sm-4eb">
         <name>Write_Ite6801_i2c</name>
         <value>0x11d44</value>
         <object_component_ref idref="oc-552"/>
      </symbol>
      <symbol id="sm-58d">
         <name>PRxData</name>
         <value>0x277e</value>
      </symbol>
      <symbol id="sm-58e">
         <name>RXByteCtr</name>
         <value>0x2793</value>
      </symbol>
      <symbol id="sm-58f">
         <name>RxBuffer</name>
         <value>0x26f4</value>
      </symbol>
      <symbol id="sm-590">
         <name>PTxData</name>
         <value>0x2782</value>
      </symbol>
      <symbol id="sm-591">
         <name>TXByteCtr</name>
         <value>0x2794</value>
      </symbol>
      <symbol id="sm-592">
         <name>TxBuffer</name>
         <value>0x2734</value>
      </symbol>
      <symbol id="sm-593">
         <name>SplashDisplay</name>
         <value>0x26e4</value>
         <object_component_ref idref="oc-389"/>
      </symbol>
      <symbol id="sm-594">
         <name>PortInit</name>
         <value>0x11922</value>
         <object_component_ref idref="oc-406"/>
      </symbol>
      <symbol id="sm-595">
         <name>FLASH_MODE_MASTER</name>
         <value>0x26e8</value>
         <object_component_ref idref="oc-389"/>
      </symbol>
      <symbol id="sm-596">
         <name>TimerA2_Setup</name>
         <value>0x11dd8</value>
         <object_component_ref idref="oc-418"/>
      </symbol>
      <symbol id="sm-597">
         <name>FSMStatus</name>
         <value>0x26e1</value>
         <object_component_ref idref="oc-389"/>
      </symbol>
      <symbol id="sm-598">
         <name>FLASH_MODE_SLAVE</name>
         <value>0x26e9</value>
         <object_component_ref idref="oc-389"/>
      </symbol>
      <symbol id="sm-599">
         <name>TURN_ON</name>
         <value>0x26e0</value>
         <object_component_ref idref="oc-389"/>
      </symbol>
      <symbol id="sm-59a">
         <name>Extern_Source_Enable</name>
         <value>0x11f58</value>
         <object_component_ref idref="oc-424"/>
      </symbol>
      <symbol id="sm-59b">
         <name>__TI_int55</name>
         <value>0xffee</value>
         <object_component_ref idref="oc-83"/>
      </symbol>
      <symbol id="sm-59c">
         <name>__TI_int53</name>
         <value>0xffea</value>
         <object_component_ref idref="oc-82"/>
      </symbol>
      <symbol id="sm-59d">
         <name>cmdinfo</name>
         <value>0x26dc</value>
         <object_component_ref idref="oc-389"/>
      </symbol>
      <symbol id="sm-59e">
         <name>USCI_B0_ISR</name>
         <value>0x4400</value>
         <object_component_ref idref="oc-32a"/>
      </symbol>
      <symbol id="sm-59f">
         <name>EXTERNALSPI_OFF</name>
         <value>0x26e7</value>
         <object_component_ref idref="oc-389"/>
      </symbol>
      <symbol id="sm-5a0">
         <name>Power_on_sequence</name>
         <value>0x11398</value>
         <object_component_ref idref="oc-43c"/>
      </symbol>
      <symbol id="sm-5a1">
         <name>pollexinputflag</name>
         <value>0x26e5</value>
         <object_component_ref idref="oc-389"/>
      </symbol>
      <symbol id="sm-5a2">
         <name>main</name>
         <value>0x10486</value>
         <object_component_ref idref="oc-3b7"/>
      </symbol>
      <symbol id="sm-5a3">
         <name>Source_sel</name>
         <value>0x26e6</value>
         <object_component_ref idref="oc-389"/>
      </symbol>
      <symbol id="sm-5a4">
         <name>TimerA0_setup</name>
         <value>0x11efa</value>
         <object_component_ref idref="oc-412"/>
      </symbol>
      <symbol id="sm-5a5">
         <name>SlaveI2CSetup</name>
         <value>0x11e62</value>
         <object_component_ref idref="oc-41e"/>
      </symbol>
      <symbol id="sm-5a6">
         <name>PBStatus</name>
         <value>0x26e2</value>
         <object_component_ref idref="oc-389"/>
      </symbol>
      <symbol id="sm-5a7">
         <name>TimerA2_FanOff</name>
         <value>0x11f92</value>
         <object_component_ref idref="oc-454"/>
      </symbol>
      <symbol id="sm-5a8">
         <name>Power_Off</name>
         <value>0x11dac</value>
         <object_component_ref idref="oc-442"/>
      </symbol>
      <symbol id="sm-5a9">
         <name>CypressGPIO7Status</name>
         <value>0x26e3</value>
         <object_component_ref idref="oc-389"/>
      </symbol>
      <symbol id="sm-5aa">
         <name>TimerA2_FanOn</name>
         <value>0x11f22</value>
         <object_component_ref idref="oc-44e"/>
      </symbol>
      <symbol id="sm-5ab">
         <name>TIMER0_A0_ISR</name>
         <value>0x4534</value>
         <object_component_ref idref="oc-324"/>
      </symbol>
      <symbol id="sm-60d">
         <name>i2c_baseline_timer</name>
         <value>0x278c</value>
      </symbol>
      <symbol id="sm-60e">
         <name>i2c_master_set_clockrate</name>
         <value>0x11eb2</value>
         <object_component_ref idref="oc-4b8"/>
      </symbol>
      <symbol id="sm-60f">
         <name>i2c_master_check_nak_timeout</name>
         <value>0x11792</value>
         <object_component_ref idref="oc-4a3"/>
      </symbol>
      <symbol id="sm-610">
         <name>i2c_master_polled_write</name>
         <value>0x10e14</value>
         <object_component_ref idref="oc-3f3"/>
      </symbol>
      <symbol id="sm-611">
         <name>i2c_master_polled_read</name>
         <value>0x10f4e</value>
         <object_component_ref idref="oc-3f9"/>
      </symbol>
      <symbol id="sm-612">
         <name>i2c_master_config_timer</name>
         <value>0x11fc2</value>
         <object_component_ref idref="oc-4be"/>
      </symbol>
      <symbol id="sm-613">
         <name>i2c_master_init</name>
         <value>0x11f46</value>
         <object_component_ref idref="oc-4b2"/>
      </symbol>
      <symbol id="sm-614">
         <name>i2c_master_setup</name>
         <value>0x11fa0</value>
         <object_component_ref idref="oc-40c"/>
      </symbol>
      <symbol id="sm-615">
         <name>i2c_master_cleanup</name>
         <value>0x11e98</value>
         <object_component_ref idref="oc-4a9"/>
      </symbol>
      <symbol id="sm-61f">
         <name>__mspabi_remu</name>
         <value>0x11ee4</value>
         <object_component_ref idref="oc-62f"/>
      </symbol>
      <symbol id="sm-620">
         <name>__mspabi_divu</name>
         <value>0x11ee4</value>
         <object_component_ref idref="oc-62f"/>
      </symbol>
      <symbol id="sm-62e">
         <name>__mspabi_remul</name>
         <value>0x119da</value>
         <object_component_ref idref="oc-538"/>
      </symbol>
      <symbol id="sm-62f">
         <name>__mspabi_divul</name>
         <value>0x119da</value>
         <object_component_ref idref="oc-538"/>
      </symbol>
      <symbol id="sm-632">
         <name>__TI_int41</name>
         <value>0xffd2</value>
         <object_component_ref idref="oc-76"/>
      </symbol>
      <symbol id="sm-635">
         <name>__TI_int42</name>
         <value>0xffd4</value>
         <object_component_ref idref="oc-77"/>
      </symbol>
      <symbol id="sm-638">
         <name>__TI_int43</name>
         <value>0xffd6</value>
         <object_component_ref idref="oc-78"/>
      </symbol>
      <symbol id="sm-63b">
         <name>__TI_int44</name>
         <value>0xffd8</value>
         <object_component_ref idref="oc-79"/>
      </symbol>
      <symbol id="sm-63e">
         <name>__TI_int45</name>
         <value>0xffda</value>
         <object_component_ref idref="oc-7a"/>
      </symbol>
      <symbol id="sm-641">
         <name>__TI_int46</name>
         <value>0xffdc</value>
         <object_component_ref idref="oc-7b"/>
      </symbol>
      <symbol id="sm-644">
         <name>__TI_int47</name>
         <value>0xffde</value>
         <object_component_ref idref="oc-7c"/>
      </symbol>
      <symbol id="sm-647">
         <name>__TI_int48</name>
         <value>0xffe0</value>
         <object_component_ref idref="oc-7d"/>
      </symbol>
      <symbol id="sm-64a">
         <name>__TI_int49</name>
         <value>0xffe2</value>
         <object_component_ref idref="oc-7e"/>
      </symbol>
      <symbol id="sm-64d">
         <name>__TI_int50</name>
         <value>0xffe4</value>
         <object_component_ref idref="oc-7f"/>
      </symbol>
      <symbol id="sm-650">
         <name>__TI_int51</name>
         <value>0xffe6</value>
         <object_component_ref idref="oc-80"/>
      </symbol>
      <symbol id="sm-653">
         <name>__TI_int52</name>
         <value>0xffe8</value>
         <object_component_ref idref="oc-81"/>
      </symbol>
      <symbol id="sm-656">
         <name>__TI_int56</name>
         <value>0xfff0</value>
         <object_component_ref idref="oc-84"/>
      </symbol>
      <symbol id="sm-659">
         <name>__TI_int57</name>
         <value>0xfff2</value>
         <object_component_ref idref="oc-85"/>
      </symbol>
      <symbol id="sm-65c">
         <name>__TI_int58</name>
         <value>0xfff4</value>
         <object_component_ref idref="oc-86"/>
      </symbol>
      <symbol id="sm-65f">
         <name>__TI_int59</name>
         <value>0xfff6</value>
         <object_component_ref idref="oc-87"/>
      </symbol>
      <symbol id="sm-662">
         <name>__TI_int60</name>
         <value>0xfff8</value>
         <object_component_ref idref="oc-88"/>
      </symbol>
      <symbol id="sm-665">
         <name>__TI_int61</name>
         <value>0xfffa</value>
         <object_component_ref idref="oc-89"/>
      </symbol>
      <symbol id="sm-668">
         <name>__TI_int62</name>
         <value>0xfffc</value>
         <object_component_ref idref="oc-8a"/>
      </symbol>
      <symbol id="sm-670">
         <name>__TI_ISR_TRAP</name>
         <value>0x452c</value>
         <object_component_ref idref="oc-31f"/>
      </symbol>
      <symbol id="sm-685">
         <name>_stack</name>
         <value>0x3360</value>
         <object_component_ref idref="oc-303"/>
      </symbol>
      <symbol id="sm-686">
         <name>_c_int00_noargs</name>
         <value>0x4510</value>
         <object_component_ref idref="oc-342"/>
      </symbol>
      <symbol id="sm-687">
         <name>_reset_vector</name>
         <value>0xfffe</value>
         <object_component_ref idref="oc-306"/>
      </symbol>
      <symbol id="sm-6aa">
         <name>__TI_auto_init_nobinit_nopinit_hold_wdt</name>
         <value>0x11a32</value>
         <object_component_ref idref="oc-47f"/>
      </symbol>
      <symbol id="sm-6bd">
         <name>__TI_zero_init_nomemset</name>
         <value>0x11dfe</value>
         <object_component_ref idref="oc-330"/>
      </symbol>
      <symbol id="sm-6cd">
         <name>_system_pre_init</name>
         <value>0x11fd6</value>
         <object_component_ref idref="oc-3b1"/>
      </symbol>
      <symbol id="sm-6d6">
         <name>_system_post_cinit</name>
         <value>0x11fda</value>
         <object_component_ref idref="oc-512"/>
      </symbol>
      <symbol id="sm-6e7">
         <name>__TI_decompress_none</name>
         <value>0x11f34</value>
         <object_component_ref idref="oc-70"/>
      </symbol>
      <symbol id="sm-70a">
         <name>__TI_decompress_lzss</name>
         <value>0x1163e</value>
         <object_component_ref idref="oc-6a"/>
      </symbol>
      <symbol id="sm-714">
         <name>C$$EXIT</name>
         <value>0x11fd0</value>
         <object_component_ref idref="oc-45b"/>
      </symbol>
      <symbol id="sm-715">
         <name>abort</name>
         <value>0x11fd0</value>
         <object_component_ref idref="oc-45b"/>
      </symbol>
      <symbol id="sm-725">
         <name>memcpy</name>
         <value>0x11f0e</value>
         <object_component_ref idref="oc-312"/>
      </symbol>
   </symbol_table>
   <title>Link successful</title>
</link_info>
